Component: ARM Compiler 5.06 update 7 (build 960) Tool: armlink [4d3601]

==============================================================================

Section Cross References

    startup_stm32f051x8.o(STACK) refers (Special) to heapauxi.o(.text) for __use_two_region_memory
    startup_stm32f051x8.o(HEAP) refers (Special) to heapauxi.o(.text) for __use_two_region_memory
    startup_stm32f051x8.o(RESET) refers (Special) to heapauxi.o(.text) for __use_two_region_memory
    startup_stm32f051x8.o(RESET) refers to startup_stm32f051x8.o(STACK) for __initial_sp
    startup_stm32f051x8.o(RESET) refers to startup_stm32f051x8.o(.text) for Reset_Handler
    startup_stm32f051x8.o(RESET) refers to stm32f0xx_it.o(i.NMI_Handler) for NMI_Handler
    startup_stm32f051x8.o(RESET) refers to stm32f0xx_it.o(i.HardFault_Handler) for HardFault_Handler
    startup_stm32f051x8.o(RESET) refers to port.o(i.SVC_Handler) for SVC_Handler
    startup_stm32f051x8.o(RESET) refers to port.o(.emb_text) for PendSV_Handler
    startup_stm32f051x8.o(RESET) refers to port.o(i.SysTick_Handler) for SysTick_Handler
    startup_stm32f051x8.o(RESET) refers to stm32f0xx_it.o(i.TIM6_DAC_IRQHandler) for TIM6_DAC_IRQHandler
    startup_stm32f051x8.o(.text) refers (Special) to heapauxi.o(.text) for __use_two_region_memory
    startup_stm32f051x8.o(.text) refers to system_stm32f0xx.o(i.SystemInit) for SystemInit
    startup_stm32f051x8.o(.text) refers to __main.o(!!!main) for __main
    startup_stm32f051x8.o(.text) refers to startup_stm32f051x8.o(HEAP) for Heap_Mem
    startup_stm32f051x8.o(.text) refers to startup_stm32f051x8.o(STACK) for Stack_Mem
    main.o(i.HAL_TIM_PeriodElapsedCallback) refers to stm32f0xx_hal.o(i.HAL_IncTick) for HAL_IncTick
    main.o(i.SystemClock_Config) refers to rt_memclr.o(.text) for __aeabi_memclr4
    main.o(i.SystemClock_Config) refers to stm32f0xx_hal_rcc.o(i.HAL_RCC_OscConfig) for HAL_RCC_OscConfig
    main.o(i.SystemClock_Config) refers to stm32f0xx_hal_rcc.o(i.HAL_RCC_ClockConfig) for HAL_RCC_ClockConfig
    main.o(i.main) refers to stm32f0xx_hal.o(i.HAL_Init) for HAL_Init
    main.o(i.main) refers to main.o(i.SystemClock_Config) for SystemClock_Config
    main.o(i.main) refers to gpio.o(i.MX_GPIO_Init) for MX_GPIO_Init
    main.o(i.main) refers to adc.o(i.MX_ADC_Init) for MX_ADC_Init
    main.o(i.main) refers to freertos.o(i.MX_FREERTOS_Init) for MX_FREERTOS_Init
    main.o(i.main) refers to cmsis_os.o(i.osKernelStart) for osKernelStart
    gpio.o(i.MX_GPIO_Init) refers to rt_memclr.o(.text) for __aeabi_memclr4
    gpio.o(i.MX_GPIO_Init) refers to stm32f0xx_hal_gpio.o(i.HAL_GPIO_WritePin) for HAL_GPIO_WritePin
    gpio.o(i.MX_GPIO_Init) refers to stm32f0xx_hal_gpio.o(i.HAL_GPIO_Init) for HAL_GPIO_Init
    freertos.o(i.MX_FREERTOS_Init) refers to rt_memcpy.o(.emb_text) for __aeabi_memcpy4
    freertos.o(i.MX_FREERTOS_Init) refers to cmsis_os.o(i.osThreadCreate) for osThreadCreate
    freertos.o(i.MX_FREERTOS_Init) refers to freertos.o(.constdata) for .constdata
    freertos.o(i.MX_FREERTOS_Init) refers to freertos.o(.data) for .data
    freertos.o(i.StartDefaultTask) refers to cmsis_os.o(i.osDelay) for osDelay
    freertos.o(i.StartTaskLed) refers to stm32f0xx_hal_gpio.o(i.HAL_GPIO_WritePin) for HAL_GPIO_WritePin
    freertos.o(i.StartTaskLed) refers to cmsis_os.o(i.osDelay) for osDelay
    freertos.o(i.StartTaskLed) refers to main.o(.data) for ucADC_Status
    freertos.o(i.StartTaskMeasure) refers to stm32f0xx_hal_adc_ex.o(i.HAL_ADCEx_Calibration_Start) for HAL_ADCEx_Calibration_Start
    freertos.o(i.StartTaskMeasure) refers to stm32f0xx_hal_adc.o(i.HAL_ADC_Start) for HAL_ADC_Start
    freertos.o(i.StartTaskMeasure) refers to stm32f0xx_hal_adc.o(i.HAL_ADC_PollForConversion) for HAL_ADC_PollForConversion
    freertos.o(i.StartTaskMeasure) refers to stm32f0xx_hal_adc.o(i.HAL_ADC_GetValue) for HAL_ADC_GetValue
    freertos.o(i.StartTaskMeasure) refers to cmsis_os.o(i.osDelay) for osDelay
    freertos.o(i.StartTaskMeasure) refers to adc.o(.bss) for hadc
    freertos.o(i.StartTaskMeasure) refers to freertos.o(.data) for .data
    freertos.o(i.StartTaskMeasure) refers to main.o(.data) for ucADC_Status
    freertos.o(i.vApplicationGetIdleTaskMemory) refers to freertos.o(.bss) for .bss
    freertos.o(.constdata) refers to freertos.o(.conststring) for .conststring
    freertos.o(.constdata) refers to freertos.o(i.StartDefaultTask) for StartDefaultTask
    freertos.o(.constdata) refers to freertos.o(i.StartTaskLed) for StartTaskLed
    freertos.o(.constdata) refers to freertos.o(i.StartTaskMeasure) for StartTaskMeasure
    adc.o(i.HAL_ADC_MspDeInit) refers to stm32f0xx_hal_gpio.o(i.HAL_GPIO_DeInit) for HAL_GPIO_DeInit
    adc.o(i.HAL_ADC_MspInit) refers to rt_memclr.o(.text) for __aeabi_memclr4
    adc.o(i.HAL_ADC_MspInit) refers to stm32f0xx_hal_gpio.o(i.HAL_GPIO_Init) for HAL_GPIO_Init
    adc.o(i.MX_ADC_Init) refers to stm32f0xx_hal_adc.o(i.HAL_ADC_Init) for HAL_ADC_Init
[...]
    Removing queue.o(i.prvCopyDataFromQueue), (38 bytes).
    Removing queue.o(i.prvCopyDataToQueue), (112 bytes).
    Removing queue.o(i.prvInitialiseMutex), (24 bytes).
    Removing queue.o(i.prvInitialiseNewQueue), (28 bytes).
    Removing queue.o(i.prvIsQueueEmpty), (28 bytes).
    Removing queue.o(i.prvUnlockQueue), (112 bytes).
    Removing queue.o(i.uxQueueMessagesWaiting), (24 bytes).
    Removing queue.o(i.uxQueueMessagesWaitingFromISR), (12 bytes).
    Removing queue.o(i.uxQueueSpacesAvailable), (28 bytes).
    Removing queue.o(i.vQueueAddToRegistry), (36 bytes).
    Removing queue.o(i.vQueueDelete), (30 bytes).
    Removing queue.o(i.vQueueUnregisterQueue), (40 bytes).
    Removing queue.o(i.xQueueCreateMutex), (22 bytes).
    Removing queue.o(i.xQueueCreateMutexStatic), (26 bytes).
    Removing queue.o(i.xQueueGenericCreate), (60 bytes).
    Removing queue.o(i.xQueueGenericCreateStatic), (64 bytes).
    Removing queue.o(i.xQueueGenericReset), (108 bytes).
    Removing queue.o(i.xQueueGenericSend), (280 bytes).
    Removing queue.o(i.xQueueGenericSendFromISR), (140 bytes).
    Removing queue.o(i.xQueueGiveFromISR), (116 bytes).
    Removing queue.o(i.xQueueIsQueueEmptyFromISR), (22 bytes).
    Removing queue.o(i.xQueueIsQueueFullFromISR), (24 bytes).
    Removing queue.o(i.xQueuePeek), (258 bytes).
    Removing queue.o(i.xQueuePeekFromISR), (76 bytes).
    Removing queue.o(i.xQueueReceive), (258 bytes).
    Removing queue.o(i.xQueueReceiveFromISR), (120 bytes).
    Removing queue.o(i.xQueueSemaphoreTake), (320 bytes).
    Removing queue.o(.bss), (64 bytes).
    Removing stream_buffer.o(i.prvBytesInBuffer), (18 bytes).
    Removing stream_buffer.o(i.prvInitialiseNewStreamBuffer), (56 bytes).
    Removing stream_buffer.o(i.prvReadBytesFromBuffer), (106 bytes).
    Removing stream_buffer.o(i.prvReadMessageFromBuffer), (66 bytes).
    Removing stream_buffer.o(i.prvWriteBytesToBuffer), (88 bytes).
    Removing stream_buffer.o(i.prvWriteMessageToBuffer), (62 bytes).
    Removing stream_buffer.o(i.vStreamBufferDelete), (30 bytes).
    Removing stream_buffer.o(i.xStreamBufferBytesAvailable), (16 bytes).
    Removing stream_buffer.o(i.xStreamBufferGenericCreate), (60 bytes).
    Removing stream_buffer.o(i.xStreamBufferGenericCreateStatic), (68 bytes).
    Removing stream_buffer.o(i.xStreamBufferIsEmpty), (24 bytes).
    Removing stream_buffer.o(i.xStreamBufferIsFull), (38 bytes).
    Removing stream_buffer.o(i.xStreamBufferReceive), (172 bytes).
    Removing stream_buffer.o(i.xStreamBufferReceiveCompletedFromISR), (58 bytes).
    Removing stream_buffer.o(i.xStreamBufferReceiveFromISR), (110 bytes).
    Removing stream_buffer.o(i.xStreamBufferReset), (52 bytes).
    Removing stream_buffer.o(i.xStreamBufferSend), (198 bytes).
    Removing stream_buffer.o(i.xStreamBufferSendCompletedFromISR), (58 bytes).
    Removing stream_buffer.o(i.xStreamBufferSendFromISR), (110 bytes).
    Removing stream_buffer.o(i.xStreamBufferSetTriggerLevel), (32 bytes).
    Removing stream_buffer.o(i.xStreamBufferSpacesAvailable), (28 bytes).
    Removing tasks.o(i.pcTaskGetName), (24 bytes).
    Removing tasks.o(i.prvTaskIsTaskSuspended), (44 bytes).
    Removing tasks.o(i.pvTaskIncrementMutexHeldCount), (24 bytes).
    Removing tasks.o(i.ulTaskNotifyTake), (96 bytes).
    Removing tasks.o(i.uxTaskGetNumberOfTasks), (12 bytes).
    Removing tasks.o(i.uxTaskPriorityGet), (32 bytes).
    Removing tasks.o(i.uxTaskPriorityGetFromISR), (32 bytes).
    Removing tasks.o(i.uxTaskResetEventItemValue), (24 bytes).
    Removing tasks.o(i.vTaskDelete), (120 bytes).
    Removing tasks.o(i.vTaskEndScheduler), (20 bytes).
    Removing tasks.o(i.vTaskInternalSetTimeOutState), (16 bytes).
    Removing tasks.o(i.vTaskMissedYield), (12 bytes).
    Removing tasks.o(i.vTaskNotifyGiveFromISR), (140 bytes).
    Removing tasks.o(i.vTaskPlaceOnEventList), (36 bytes).
    Removing tasks.o(i.vTaskPlaceOnUnorderedEventList), (60 bytes).
    Removing tasks.o(i.vTaskPriorityDisinheritAfterTimeout), (112 bytes).
    Removing tasks.o(i.vTaskPrioritySet), (148 bytes).
    Removing tasks.o(i.vTaskRemoveFromUnorderedEventList), (92 bytes).
    Removing tasks.o(i.vTaskResume), (92 bytes).
    Removing tasks.o(i.vTaskSetTimeOutState), (36 bytes).
    Removing tasks.o(i.vTaskSuspend), (136 bytes).
    Removing tasks.o(i.xTaskCheckForTimeOut), (92 bytes).
    Removing tasks.o(i.xTaskGenericNotify), (164 bytes).
    Removing tasks.o(i.xTaskGenericNotifyFromISR), (196 bytes).
    Removing tasks.o(i.xTaskGetCurrentTaskHandle), (12 bytes).
    Removing tasks.o(i.xTaskGetSchedulerState), (32 bytes).
    Removing tasks.o(i.xTaskGetTickCount), (12 bytes).
    Removing tasks.o(i.xTaskGetTickCountFromISR), (12 bytes).
    Removing tasks.o(i.xTaskNotifyStateClear), (48 bytes).
    Removing tasks.o(i.xTaskNotifyWait), (124 bytes).
    Removing tasks.o(i.xTaskPriorityDisinherit), (104 bytes).
    Removing tasks.o(i.xTaskPriorityInherit), (120 bytes).
    Removing tasks.o(i.xTaskRemoveFromEventList), (100 bytes).
    Removing tasks.o(i.xTaskResumeFromISR), (108 bytes).
    Removing cmsis_os.o(.rev16_text), (4 bytes).
    Removing cmsis_os.o(.revsh_text), (4 bytes).
    Removing cmsis_os.o(i.inHandlerMode), (12 bytes).
    Removing cmsis_os.o(i.makeCmsisPriority), (14 bytes).
    Removing cmsis_os.o(i.osAbortDelay), (4 bytes).
    Removing cmsis_os.o(i.osDelayUntil), (4 bytes).
    Removing cmsis_os.o(i.osKernelRunning), (18 bytes).
    Removing cmsis_os.o(i.osKernelSysTick), (22 bytes).
    Removing cmsis_os.o(i.osMailAlloc), (14 bytes).
    Removing cmsis_os.o(i.osMailCAlloc), (32 bytes).
    Removing cmsis_os.o(i.osMailCreate), (92 bytes).
    Removing cmsis_os.o(i.osMailFree), (18 bytes).
    Removing cmsis_os.o(i.osMailGet), (136 bytes).
    Removing cmsis_os.o(i.osMailPut), (88 bytes).
    Removing cmsis_os.o(i.osMessageAvailableSpace), (8 bytes).
    Removing cmsis_os.o(i.osMessageCreate), (40 bytes).
    Removing cmsis_os.o(i.osMessageDelete), (26 bytes).
    Removing cmsis_os.o(i.osMessageGet), (140 bytes).
    Removing cmsis_os.o(i.osMessagePeek), (76 bytes).
    Removing cmsis_os.o(i.osMessagePut), (88 bytes).
    Removing cmsis_os.o(i.osMessageWaiting), (26 bytes).
    Removing cmsis_os.o(i.osMutexCreate), (24 bytes).
    Removing cmsis_os.o(i.osMutexDelete), (26 bytes).
    Removing cmsis_os.o(i.osMutexRelease), (76 bytes).
    Removing cmsis_os.o(i.osMutexWait), (100 bytes).
    Removing cmsis_os.o(i.osPoolAlloc), (102 bytes).
    Removing cmsis_os.o(i.osPoolCAlloc), (20 bytes).
    Removing cmsis_os.o(i.osPoolCreate), (94 bytes).
    Removing cmsis_os.o(i.osPoolFree), (48 bytes).
    Removing cmsis_os.o(i.osRecursiveMutexCreate), (4 bytes).
    Removing cmsis_os.o(i.osRecursiveMutexRelease), (4 bytes).
    Removing cmsis_os.o(i.osRecursiveMutexWait), (4 bytes).
    Removing cmsis_os.o(i.osSemaphoreCreate), (64 bytes).
    Removing cmsis_os.o(i.osSemaphoreDelete), (26 bytes).
    Removing cmsis_os.o(i.osSemaphoreGetCount), (8 bytes).
    Removing cmsis_os.o(i.osSemaphoreRelease), (76 bytes).
    Removing cmsis_os.o(i.osSemaphoreWait), (100 bytes).
    Removing cmsis_os.o(i.osSignalSet), (88 bytes).
    Removing cmsis_os.o(i.osSignalWait), (90 bytes).
    Removing cmsis_os.o(i.osSystickHandler), (16 bytes).
    Removing cmsis_os.o(i.osThreadGetId), (8 bytes).
    Removing cmsis_os.o(i.osThreadGetPriority), (30 bytes).
    Removing cmsis_os.o(i.osThreadList), (4 bytes).
    Removing cmsis_os.o(i.osThreadResume), (44 bytes).
    Removing cmsis_os.o(i.osThreadResumeAll), (18 bytes).
    Removing cmsis_os.o(i.osThreadSetPriority), (22 bytes).
    Removing cmsis_os.o(i.osThreadSuspend), (10 bytes).
    Removing cmsis_os.o(i.osThreadSuspendAll), (10 bytes).
    Removing cmsis_os.o(i.osThreadTerminate), (10 bytes).
    Removing cmsis_os.o(i.osThreadYield), (10 bytes).
    Removing cmsis_os.o(i.osTimerCreate), (4 bytes).
    Removing cmsis_os.o(i.osTimerDelete), (4 bytes).
    Removing cmsis_os.o(i.osTimerStart), (4 bytes).
    Removing cmsis_os.o(i.osTimerStop), (4 bytes).
    Removing heap_4.o(i.vPortInitialiseBlocks), (2 bytes).
    Removing heap_4.o(i.xPortGetFreeHeapSize), (12 bytes).
    Removing heap_4.o(i.xPortGetMinimumEverFreeHeapSize), (12 bytes).
    Removing port.o(i.vPortEndScheduler), (24 bytes).
    Removing stm32f0xx_hal_dma.o(i.__ARM_common_switch8), (26 bytes).

579 unused section(s) (total 44270 bytes) removed from the image.

==============================================================================

Image Symbol Table

    Local Symbols

    Symbol Name                              Value     Ov Type        Size  Object(Section)

    ../Core/Src/adc.c                        0x00000000   Number         0  adc.o ABSOLUTE
    ../Core/Src/freertos.c                   0x00000000   Number         0  freertos.o ABSOLUTE
    ../Core/Src/gpio.c                       0x00000000   Number         0  gpio.o ABSOLUTE
    ../Core/Src/main.c                       0x00000000   Number         0  main.o ABSOLUTE
    ../Core/Src/stm32f0xx_hal_msp.c          0x00000000   Number         0  stm32f0xx_hal_msp.o ABSOLUTE
    ../Core/Src/stm32f0xx_hal_timebase_tim.c 0x00000000   Number         0  stm32f0xx_hal_timebase_tim.o ABSOLUTE
    ../Core/Src/stm32f0xx_it.c               0x00000000   Number         0  stm32f0xx_it.o ABSOLUTE
    ../Core/Src/system_stm32f0xx.c           0x00000000   Number         0  system_stm32f0xx.o ABSOLUTE
    ../Drivers/STM32F0xx_HAL_Driver/Src/stm32f0xx_hal.c 0x00000000   Number         0  stm32f0xx_hal.o ABSOLUTE
    ../Drivers/STM32F0xx_HAL_Driver/Src/stm32f0xx_hal_adc.c 0x00000000   Number         0  stm32f0xx_hal_adc.o ABSOLUTE
    ../Drivers/STM32F0xx_HAL_Driver/Src/stm32f0xx_hal_adc_ex.c 0x00000000   Number         0  stm32f0xx_hal_adc_ex.o ABSOLUTE
    ../Drivers/STM32F0xx_HAL_Driver/Src/stm32f0xx_hal_cortex.c 0x00000000   Number         0  stm32f0xx_hal_cortex.o ABSOLUTE
    ../Drivers/STM32F0xx_HAL_Driver/Src/stm32f0xx_hal_dma.c 0x00000000   Number         0  stm32f0xx_hal_dma.o ABSOLUTE
    ../Drivers/STM32F0xx_HAL_Driver/Src/stm32f0xx_hal_exti.c 0x00000000   Number         0  stm32f0xx_hal_exti.o ABSOLUTE
    ../Drivers/STM32F0xx_HAL_Driver/Src/stm32f0xx_hal_flash.c 0x00000000   Number         0  stm32f0xx_hal_flash.o ABSOLUTE
    ../Drivers/STM32F0xx_HAL_Driver/Src/stm32f0xx_hal_flash_ex.c 0x00000000   Number         0  stm32f0xx_hal_flash_ex.o ABSOLUTE
    ../Drivers/STM32F0xx_HAL_Driver/Src/stm32f0xx_hal_gpio.c 0x00000000   Number         0  stm32f0xx_hal_gpio.o ABSOLUTE
    ../Drivers/STM32F0xx_HAL_Driver/Src/stm32f0xx_hal_i2c.c 0x00000000   Number         0  stm32f0xx_hal_i2c.o ABSOLUTE
    ../Drivers/STM32F0xx_HAL_Driver/Src/stm32f0xx_hal_i2c_ex.c 0x00000000   Number         0  stm32f0xx_hal_i2c_ex.o ABSOLUTE
    ../Drivers/STM32F0xx_HAL_Driver/Src/stm32f0xx_hal_pwr.c 0x00000000   Number         0  stm32f0xx_hal_pwr.o ABSOLUTE
    ../Drivers/STM32F0xx_HAL_Driver/Src/stm32f0xx_hal_pwr_ex.c 0x00000000   Number         0  stm32f0xx_hal_pwr_ex.o ABSOLUTE
    ../Drivers/STM32F0xx_HAL_Driver/Src/stm32f0xx_hal_rcc.c 0x00000000   Number         0  stm32f0xx_hal_rcc.o ABSOLUTE
    ../Drivers/STM32F0xx_HAL_Driver/Src/stm32f0xx_hal_rcc_ex.c 0x00000000   Number         0  stm32f0xx_hal_rcc_ex.o ABSOLUTE
    ../Drivers/STM32F0xx_HAL_Driver/Src/stm32f0xx_hal_tim.c 0x00000000   Number         0  stm32f0xx_hal_tim.o ABSOLUTE
    ../Drivers/STM32F0xx_HAL_Driver/Src/stm32f0xx_hal_tim_ex.c 0x00000000   Number         0  stm32f0xx_hal_tim_ex.o ABSOLUTE
    ../Middlewares/Third_Party/FreeRTOS/Source/CMSIS_RTOS/cmsis_os.c 0x00000000   Number         0  cmsis_os.o ABSOLUTE
    ../Middlewares/Third_Party/FreeRTOS/Source/croutine.c 0x00000000   Number         0  croutine.o ABSOLUTE
    ../Middlewares/Third_Party/FreeRTOS/Source/event_groups.c 0x00000000   Number         0  event_groups.o ABSOLUTE
    ../Middlewares/Third_Party/FreeRTOS/Source/list.c 0x00000000   Number         0  list.o ABSOLUTE
    ../Middlewares/Third_Party/FreeRTOS/Source/portable/MemMang/heap_4.c 0x00000000   Number         0  heap_4.o ABSOLUTE
    ../Middlewares/Third_Party/FreeRTOS/Source/portable/RVDS/ARM_CM0/port.c 0x00000000   Number         0  port.o ABSOLUTE
    ../Middlewares/Third_Party/FreeRTOS/Source/queue.c 0x00000000   Number         0  queue.o ABSOLUTE
    ../Middlewares/Third_Party/FreeRTOS/Source/stream_buffer.c 0x00000000   Number         0  stream_buffer.o ABSOLUTE
    ../Middlewares/Third_Party/FreeRTOS/Source/tasks.c 0x00000000   Number         0  tasks.o ABSOLUTE
    ../Middlewares/Third_Party/FreeRTOS/Source/timers.c 0x00000000   Number         0  timers.o ABSOLUTE
    ../clib/angel/boardlib.s                 0x00000000   Number         0  boardinit3.o ABSOLUTE
    ../clib/angel/boardlib.s                 0x00000000   Number         0  boardshut.o ABSOLUTE
    ../clib/angel/boardlib.s                 0x00000000   Number         0  boardinit1.o ABSOLUTE
    ../clib/angel/boardlib.s                 0x00000000   Number         0  boardinit2.o ABSOLUTE
    ../clib/angel/handlers.s                 0x00000000   Number         0  __scatter_copy.o ABSOLUTE
    ../clib/angel/handlers.s                 0x00000000   Number         0  __scatter_zi.o ABSOLUTE
    ../clib/angel/kernel.s                   0x00000000   Number         0  rtexit.o ABSOLUTE
    ../clib/angel/kernel.s                   0x00000000   Number         0  __rtentry.o ABSOLUTE
    ../clib/angel/kernel.s                   0x00000000   Number         0  rtexit2.o ABSOLUTE
    ../clib/angel/kernel.s                   0x00000000   Number         0  __rtentry2.o ABSOLUTE
    ../clib/angel/kernel.s                   0x00000000   Number         0  __rtentry4.o ABSOLUTE
    ../clib/angel/rt.s                       0x00000000   Number         0  aeabi_idiv0.o ABSOLUTE
    ../clib/angel/rt.s                       0x00000000   Number         0  rt_raise.o ABSOLUTE
    ../clib/angel/rt.s                       0x00000000   Number         0  aeabi_idiv0_sigfpe.o ABSOLUTE
    ../clib/angel/rt.s                       0x00000000   Number         0  aeabi_ldiv0.o ABSOLUTE
    ../clib/angel/rt.s                       0x00000000   Number         0  aeabi_ldiv0_sigfpe.o ABSOLUTE
    ../clib/angel/rt.s                       0x00000000   Number         0  rt_div0.o ABSOLUTE
    ../clib/angel/scatterp.s                 0x00000000   Number         0  __scatter.o ABSOLUTE
    ../clib/angel/startup.s                  0x00000000   Number         0  __main.o ABSOLUTE
    ../clib/angel/sys.s                      0x00000000   Number         0  libspace.o ABSOLUTE
    ../clib/angel/sys.s                      0x00000000   Number         0  indicate_semi.o ABSOLUTE
    ../clib/angel/sys.s                      0x00000000   Number         0  use_no_semi.o ABSOLUTE
    ../clib/angel/sys.s                      0x00000000   Number         0  tempstk.o ABSOLUTE
    ../clib/angel/sys.s                      0x00000000   Number         0  sys_stackheap_outer.o ABSOLUTE
    ../clib/angel/sysapp.c                   0x00000000   Number         0  sys_exit.o ABSOLUTE
    ../clib/angel/sysapp.c                   0x00000000   Number         0  sys_wrch.o ABSOLUTE
    ../clib/angel/sysapp.c                   0x00000000   Number         0  sys_command.o ABSOLUTE
    ../clib/armsys.c                         0x00000000   Number         0  _get_argv_nomalloc.o ABSOLUTE
    ../clib/armsys.c                         0x00000000   Number         0  argv_veneer.o ABSOLUTE
    ../clib/armsys.c                         0x00000000   Number         0  no_argv.o ABSOLUTE
    ../clib/division.c                       0x00000000   Number         0  lludiv.o ABSOLUTE
    ../clib/division.s                       0x00000000   Number         0  aeabi_sdiv_div0.o ABSOLUTE
    ../clib/division.s                       0x00000000   Number         0  aeabi_sdiv.o ABSOLUTE
    ../clib/heapalloc.c                      0x00000000   Number         0  hrguard.o ABSOLUTE
    ../clib/heapaux.c                        0x00000000   Number         0  heapauxi.o ABSOLUTE
    ../clib/libinit.s                        0x00000000   Number         0  libinit.o ABSOLUTE
    ../clib/libinit.s                        0x00000000   Number         0  libinit2.o ABSOLUTE
    ../clib/libinit.s                        0x00000000   Number         0  libshutdown2.o ABSOLUTE
    ../clib/libinit.s                        0x00000000   Number         0  libshutdown.o ABSOLUTE
    ../clib/longlong.c                       0x00000000   Number         0  llushr.o ABSOLUTE
    ../clib/memcpset.c                       0x00000000   Number         0  rt_memclr.o ABSOLUTE
    ../clib/memcpset.c                       0x00000000   Number         0  memset.o ABSOLUTE
    ../clib/memcpset.c                       0x00000000   Number         0  rt_memcpy.o ABSOLUTE
    ../clib/memcpset.c                       0x00000000   Number         0  rt_memcpy.o ABSOLUTE
    ../clib/signal.c                         0x00000000   Number         0  defsig_cppl_inner.o ABSOLUTE
    ../clib/signal.c                         0x00000000   Number         0  defsig_other.o ABSOLUTE
    ../clib/signal.c                         0x00000000   Number         0  defsig_fpe_formal.o ABSOLUTE
    ../clib/signal.c                         0x00000000   Number         0  defsig_fpe_outer.o ABSOLUTE
    ../clib/signal.c                         0x00000000   Number         0  defsig_segv_inner.o ABSOLUTE
    ../clib/signal.c                         0x00000000   Number         0  defsig_general.o ABSOLUTE
    ../clib/signal.c                         0x00000000   Number         0  __raise.o ABSOLUTE
    ../clib/signal.c                         0x00000000   Number         0  defsig_fpe_inner.o ABSOLUTE
    ../clib/signal.c                         0x00000000   Number         0  defsig_pvfn_inner.o ABSOLUTE
    ../clib/signal.c                         0x00000000   Number         0  defsig_stak_inner.o ABSOLUTE
    ../clib/signal.c                         0x00000000   Number         0  defsig_exit.o ABSOLUTE
    ../clib/signal.c                         0x00000000   Number         0  defsig_rtmem_formal.o ABSOLUTE
    ../clib/signal.c                         0x00000000   Number         0  defsig_rtmem_outer.o ABSOLUTE
    ../clib/signal.c                         0x00000000   Number         0  defsig_rtmem_inner.o ABSOLUTE
    ../clib/signal.c                         0x00000000   Number         0  defsig_rtred_inner.o ABSOLUTE
    ../clib/signal.c                         0x00000000   Number         0  defsig_abrt_inner.o ABSOLUTE
    ../clib/signal.s                         0x00000000   Number         0  defsig.o ABSOLUTE
    ../clib/stdlib.c                         0x00000000   Number         0  exit.o ABSOLUTE
    ../fplib/cfplib/fpinit.c                 0x00000000   Number         0  fpinit.o ABSOLUTE
    ..\Core\Src\adc.c                        0x00000000   Number         0  adc.o ABSOLUTE
    ..\Core\Src\freertos.c                   0x00000000   Number         0  freertos.o ABSOLUTE
    ..\Core\Src\gpio.c                       0x00000000   Number         0  gpio.o ABSOLUTE
    ..\Core\Src\main.c                       0x00000000   Number         0  main.o ABSOLUTE
    ..\Core\Src\stm32f0xx_hal_msp.c          0x00000000   Number         0  stm32f0xx_hal_msp.o ABSOLUTE
    ..\Core\Src\stm32f0xx_hal_timebase_tim.c 0x00000000   Number         0  stm32f0xx_hal_timebase_tim.o ABSOLUTE
    ..\Core\Src\stm32f0xx_it.c               0x00000000   Number         0  stm32f0xx_it.o ABSOLUTE
    ..\Core\Src\system_stm32f0xx.c           0x00000000   Number         0  system_stm32f0xx.o ABSOLUTE
    ..\Drivers\STM32F0xx_HAL_Driver\Src\stm32f0xx_hal.c 0x00000000   Number         0  stm32f0xx_hal.o ABSOLUTE
    ..\Drivers\STM32F0xx_HAL_Driver\Src\stm32f0xx_hal_adc.c 0x00000000   Number         0  stm32f0xx_hal_adc.o ABSOLUTE
    ..\Drivers\STM32F0xx_HAL_Driver\Src\stm32f0xx_hal_adc_ex.c 0x00000000   Number         0  stm32f0xx_hal_adc_ex.o ABSOLUTE
    ..\Drivers\STM32F0xx_HAL_Driver\Src\stm32f0xx_hal_cortex.c 0x00000000   Number         0  stm32f0xx_hal_cortex.o ABSOLUTE
    ..\Drivers\STM32F0xx_HAL_Driver\Src\stm32f0xx_hal_dma.c 0x00000000   Number         0  stm32f0xx_hal_dma.o ABSOLUTE
    ..\Drivers\STM32F0xx_HAL_Driver\Src\stm32f0xx_hal_exti.c 0x00000000   Number         0  stm32f0xx_hal_exti.o ABSOLUTE
    ..\Drivers\STM32F0xx_HAL_Driver\Src\stm32f0xx_hal_flash.c 0x00000000   Number         0  stm32f0xx_hal_flash.o ABSOLUTE
    ..\Drivers\STM32F0xx_HAL_Driver\Src\stm32f0xx_hal_flash_ex.c 0x00000000   Number         0  stm32f0xx_hal_flash_ex.o ABSOLUTE
    ..\Drivers\STM32F0xx_HAL_Driver\Src\stm32f0xx_hal_gpio.c 0x00000000   Number         0  stm32f0xx_hal_gpio.o ABSOLUTE
    ..\Drivers\STM32F0xx_HAL_Driver\Src\stm32f0xx_hal_i2c.c 0x00000000   Number         0  stm32f0xx_hal_i2c.o ABSOLUTE
    ..\Drivers\STM32F0xx_HAL_Driver\Src\stm32f0xx_hal_i2c_ex.c 0x00000000   Number         0  stm32f0xx_hal_i2c_ex.o ABSOLUTE
    ..\Drivers\STM32F0xx_HAL_Driver\Src\stm32f0xx_hal_pwr.c 0x00000000   Number         0  stm32f0xx_hal_pwr.o ABSOLUTE
    ..\Drivers\STM32F0xx_HAL_Driver\Src\stm32f0xx_hal_pwr_ex.c 0x00000000   Number         0  stm32f0xx_hal_pwr_ex.o ABSOLUTE
    ..\Drivers\STM32F0xx_HAL_Driver\Src\stm32f0xx_hal_rcc.c 0x00000000   Number         0  stm32f0xx_hal_rcc.o ABSOLUTE
    ..\Drivers\STM32F0xx_HAL_Driver\Src\stm32f0xx_hal_rcc_ex.c 0x00000000   Number         0  stm32f0xx_hal_rcc_ex.o ABSOLUTE
    ..\Drivers\STM32F0xx_HAL_Driver\Src\stm32f0xx_hal_tim.c 0x00000000   Number         0  stm32f0xx_hal_tim.o ABSOLUTE
    ..\Drivers\STM32F0xx_HAL_Driver\Src\stm32f0xx_hal_tim_ex.c 0x00000000   Number         0  stm32f0xx_hal_tim_ex.o ABSOLUTE
    ..\Middlewares\Third_Party\FreeRTOS\Source\CMSIS_RTOS\cmsis_os.c 0x00000000   Number         0  cmsis_os.o ABSOLUTE
    ..\Middlewares\Third_Party\FreeRTOS\Source\portable\RVDS\ARM_CM0\port.c 0x00000000   Number         0  port.o ABSOLUTE
    dc.s                                     0x00000000   Number         0  dc.o ABSOLUTE
    startup_stm32f051x8.s                    0x00000000   Number         0  startup_stm32f051x8.o ABSOLUTE
    RESET                                    0x08000000   Section      188  startup_stm32f051x8.o(RESET)
    !!!main                                  0x080000bc   Section        8  __main.o(!!!main)
    !!!scatter                               0x080000c4   Section       60  __scatter.o(!!!scatter)
    !!handler_copy                           0x08000100   Section       26  __scatter_copy.o(!!handler_copy)
    !!handler_zi                             0x0800011c   Section       28  __scatter_zi.o(!!handler_zi)
    .ARM.Collect$$libinit$$00000000          0x08000138   Section        2  libinit.o(.ARM.Collect$$libinit$$00000000)
    .ARM.Collect$$libinit$$00000002          0x0800013a   Section        0  libinit2.o(.ARM.Collect$$libinit$$00000002)
    .ARM.Collect$$libinit$$00000004          0x0800013a   Section        0  libinit2.o(.ARM.Collect$$libinit$$00000004)
    .ARM.Collect$$libinit$$0000000A          0x0800013a   Section        0  libinit2.o(.ARM.Collect$$libinit$$0000000A)
    .ARM.Collect$$libinit$$0000000C          0x0800013a   Section        0  libinit2.o(.ARM.Collect$$libinit$$0000000C)
    .ARM.Collect$$libinit$$0000000E          0x0800013a   Section        0  libinit2.o(.ARM.Collect$$libinit$$0000000E)
    .ARM.Collect$$libinit$$00000011          0x0800013a   Section        0  libinit2.o(.ARM.Collect$$libinit$$00000011)
    .ARM.Collect$$libinit$$00000013          0x0800013a   Section        0  libinit2.o(.ARM.Collect$$libinit$$00000013)
    .ARM.Collect$$libinit$$00000015          0x0800013a   Section        0  libinit2.o(.ARM.Collect$$libinit$$00000015)
    .ARM.Collect$$libinit$$00000017          0x0800013a   Section        0  libinit2.o(.ARM.Collect$$libinit$$00000017)
    .ARM.Collect$$libinit$$00000019          0x0800013a   Section        0  libinit2.o(.ARM.Collect$$libinit$$00000019)
    .ARM.Collect$$libinit$$0000001B          0x0800013a   Section        0  libinit2.o(.ARM.Collect$$libinit$$0000001B)
    .ARM.Collect$$libinit$$0000001D          0x0800013a   Section        0  libinit2.o(.ARM.Collect$$libinit$$0000001D)
    .ARM.Collect$$libinit$$0000001F          0x0800013a   Section        0  libinit2.o(.ARM.Collect$$libinit$$0000001F)
    .ARM.Collect$$libinit$$00000021          0x0800013a   Section        0  libinit2.o(.ARM.Collect$$libinit$$00000021)
    .ARM.Collect$$libinit$$00000023          0x0800013a   Section        0  libinit2.o(.ARM.Collect$$libinit$$00000023)
    .ARM.Collect$$libinit$$00000025          0x0800013a   Section        0  libinit2.o(.ARM.Collect$$libinit$$00000025)
    .ARM.Collect$$libinit$$0000002C          0x0800013a   Section        0  libinit2.o(.ARM.Collect$$libinit$$0000002C)
    .ARM.Collect$$libinit$$0000002E          0x0800013a   Section        0  libinit2.o(.ARM.Collect$$libinit$$0000002E)
    .ARM.Collect$$libinit$$00000030          0x0800013a   Section        0  libinit2.o(.ARM.Collect$$libinit$$00000030)
    .ARM.Collect$$libinit$$00000032          0x0800013a   Section        0  libinit2.o(.ARM.Collect$$libinit$$00000032)
    .ARM.Collect$$libinit$$00000033          0x0800013a   Section        2  libinit2.o(.ARM.Collect$$libinit$$00000033)
    .ARM.Collect$$libshutdown$$00000000      0x0800013c   Section        2  libshutdown.o(.ARM.Collect$$libshutdown$$00000000)
    .ARM.Collect$$libshutdown$$00000002      0x0800013e   Section        0  libshutdown2.o(.ARM.Collect$$libshutdown$$00000002)
    .ARM.Collect$$libshutdown$$00000004      0x0800013e   Section        0  libshutdown2.o(.ARM.Collect$$libshutdown$$00000004)
    .ARM.Collect$$libshutdown$$00000006      0x0800013e   Section        0  libshutdown2.o(.ARM.Collect$$libshutdown$$00000006)
    .ARM.Collect$$libshutdown$$00000009      0x0800013e   Section        0  libshutdown2.o(.ARM.Collect$$libshutdown$$00000009)
    .ARM.Collect$$libshutdown$$0000000C      0x0800013e   Section        0  libshutdown2.o(.ARM.Collect$$libshutdown$$0000000C)
    .ARM.Collect$$libshutdown$$0000000E      0x0800013e   Section        0  libshutdown2.o(.ARM.Collect$$libshutdown$$0000000E)
    .ARM.Collect$$libshutdown$$00000011      0x0800013e   Section        0  libshutdown2.o(.ARM.Collect$$libshutdown$$00000011)
    .ARM.Collect$$libshutdown$$00000012      0x0800013e   Section        2  libshutdown2.o(.ARM.Collect$$libshutdown$$00000012)
    .ARM.Collect$$rtentry$$00000000          0x08000140   Section        0  __rtentry.o(.ARM.Collect$$rtentry$$00000000)
    .ARM.Collect$$rtentry$$00000002          0x08000140   Section        0  __rtentry2.o(.ARM.Collect$$rtentry$$00000002)
    .ARM.Collect$$rtentry$$00000004          0x08000140   Section        6  __rtentry4.o(.ARM.Collect$$rtentry$$00000004)
    .ARM.Collect$$rtentry$$00000009          0x08000146   Section        0  __rtentry2.o(.ARM.Collect$$rtentry$$00000009)
    .ARM.Collect$$rtentry$$0000000A          0x08000146   Section        4  __rtentry2.o(.ARM.Collect$$rtentry$$0000000A)
    .ARM.Collect$$rtentry$$0000000C          0x0800014a   Section        0  __rtentry2.o(.ARM.Collect$$rtentry$$0000000C)
    .ARM.Collect$$rtentry$$0000000D          0x0800014a   Section        8  __rtentry2.o(.ARM.Collect$$rtentry$$0000000D)
    .ARM.Collect$$rtexit$$00000000           0x08000152   Section        2  rtexit.o(.ARM.Collect$$rtexit$$00000000)
    .ARM.Collect$$rtexit$$00000002           0x08000154   Section        0  rtexit2.o(.ARM.Collect$$rtexit$$00000002)
    .ARM.Collect$$rtexit$$00000003           0x08000154   Section        4  rtexit2.o(.ARM.Collect$$rtexit$$00000003)
    .ARM.Collect$$rtexit$$00000004           0x08000158   Section        6  rtexit2.o(.ARM.Collect$$rtexit$$00000004)
    .emb_text                                0x08000160   Section      120  port.o(.emb_text)
    .emb_text                                0x080001d8   Section       56  rt_memcpy.o(.emb_text)
    .text                                    0x08000210   Section       56  startup_stm32f051x8.o(.text)
    .text                                    0x08000248   Section        0  lludiv.o(.text)
    .text                                    0x0800034a   Section        0  rt_memclr.o(.text)
    .text                                    0x0800038a   Section      346  aeabi_sdiv.o(.text)
    .text                                    0x080004e4   Section        0  heapauxi.o(.text)
    .text                                    0x080004ea   Section       62  sys_stackheap_outer.o(.text)
    .text                                    0x08000528   Section        0  exit.o(.text)
    .text                                    0x08000538   Section        8  libspace.o(.text)
    .text                                    0x08000540   Section        0  sys_exit.o(.text)
    .text                                    0x0800054c   Section        2  use_no_semi.o(.text)
    .text                                    0x0800054e   Section        0  indicate_semi.o(.text)
    i.ADC_Enable                             0x08000550   Section        0  stm32f0xx_hal_adc.o(i.ADC_Enable)
    ADC_Enable                               0x08000551   Thumb Code   130  stm32f0xx_hal_adc.o(i.ADC_Enable)
    i.Error_Handler                          0x080005e0   Section        0  main.o(i.Error_Handler)
    i.HAL_ADCEx_Calibration_Start            0x080005e4   Section        0  stm32f0xx_hal_adc_ex.o(i.HAL_ADCEx_Calibration_Start)
    i.HAL_ADC_ConfigChannel                  0x0800069c   Section        0  stm32f0xx_hal_adc.o(i.HAL_ADC_ConfigChannel)
    i.HAL_ADC_GetValue                       0x080007c8   Section        0  stm32f0xx_hal_adc.o(i.HAL_ADC_GetValue)
    i.HAL_ADC_Init                           0x080007d0   Section        0  stm32f0xx_hal_adc.o(i.HAL_ADC_Init)
    i.HAL_ADC_MspInit                        0x08000948   Section        0  adc.o(i.HAL_ADC_MspInit)
    i.HAL_ADC_PollForConversion              0x080009a0   Section        0  stm32f0xx_hal_adc.o(i.HAL_ADC_PollForConversion)
    i.HAL_ADC_Start                          0x08000a68   Section        0  stm32f0xx_hal_adc.o(i.HAL_ADC_Start)
    i.HAL_GPIO_Init                          0x08000ac4   Section        0  stm32f0xx_hal_gpio.o(i.HAL_GPIO_Init)
    i.HAL_GPIO_WritePin                      0x08000c68   Section        0  stm32f0xx_hal_gpio.o(i.HAL_GPIO_WritePin)
    i.HAL_GetTick                            0x08000c74   Section        0  stm32f0xx_hal.o(i.HAL_GetTick)
    i.HAL_IncTick                            0x08000c80   Section        0  stm32f0xx_hal.o(i.HAL_IncTick)
    i.HAL_Init                               0x08000c90   Section        0  stm32f0xx_hal.o(i.HAL_Init)
    i.HAL_InitTick                           0x08000cb0   Section        0  stm32f0xx_hal_timebase_tim.o(i.HAL_InitTick)
    i.HAL_MspInit                            0x08000d4c   Section        0  stm32f0xx_hal_msp.o(i.HAL_MspInit)
    i.HAL_NVIC_EnableIRQ                     0x08000d7c   Section        0  stm32f0xx_hal_cortex.o(i.HAL_NVIC_EnableIRQ)
    i.HAL_NVIC_SetPriority                   0x08000d94   Section        0  stm32f0xx_hal_cortex.o(i.HAL_NVIC_SetPriority)
    i.HAL_RCC_ClockConfig                    0x08000d9c   Section        0  stm32f0xx_hal_rcc.o(i.HAL_RCC_ClockConfig)
    i.HAL_RCC_GetClockConfig                 0x08000ea4   Section        0  stm32f0xx_hal_rcc.o(i.HAL_RCC_GetClockConfig)
    i.HAL_RCC_GetPCLK1Freq                   0x08000edc   Section        0  stm32f0xx_hal_rcc.o(i.HAL_RCC_GetPCLK1Freq)
    i.HAL_RCC_GetSysClockFreq                0x08000efc   Section        0  stm32f0xx_hal_rcc.o(i.HAL_RCC_GetSysClockFreq)
    i.HAL_RCC_OscConfig                      0x08000f50   Section        0  stm32f0xx_hal_rcc.o(i.HAL_RCC_OscConfig)
    i.HAL_TIMEx_BreakCallback                0x080012d8   Section        0  stm32f0xx_hal_tim_ex.o(i.HAL_TIMEx_BreakCallback)
    i.HAL_TIMEx_CommutCallback               0x080012da   Section        0  stm32f0xx_hal_tim_ex.o(i.HAL_TIMEx_CommutCallback)
    i.HAL_TIM_Base_Init                      0x080012dc   Section        0  stm32f0xx_hal_tim.o(i.HAL_TIM_Base_Init)
    i.HAL_TIM_Base_MspInit                   0x08001324   Section        0  stm32f0xx_hal_tim.o(i.HAL_TIM_Base_MspInit)
    i.HAL_TIM_Base_Start_IT                  0x08001328   Section        0  stm32f0xx_hal_tim.o(i.HAL_TIM_Base_Start_IT)
    i.HAL_TIM_IC_CaptureCallback             0x08001380   Section        0  stm32f0xx_hal_tim.o(i.HAL_TIM_IC_CaptureCallback)
    i.HAL_TIM_IRQHandler                     0x08001382   Section        0  stm32f0xx_hal_tim.o(i.HAL_TIM_IRQHandler)
    i.HAL_TIM_OC_DelayElapsedCallback        0x080014e4   Section        0  stm32f0xx_hal_tim.o(i.HAL_TIM_OC_DelayElapsedCallback)
    i.HAL_TIM_PWM_PulseFinishedCallback      0x080014e6   Section        0  stm32f0xx_hal_tim.o(i.HAL_TIM_PWM_PulseFinishedCallback)
    i.HAL_TIM_PeriodElapsedCallback          0x080014e8   Section        0  main.o(i.HAL_TIM_PeriodElapsedCallback)
    i.HAL_TIM_TriggerCallback                0x080014fc   Section        0  stm32f0xx_hal_tim.o(i.HAL_TIM_TriggerCallback)
    i.HardFault_Handler                      0x080014fe   Section        0  stm32f0xx_it.o(i.HardFault_Handler)
    i.MX_ADC_Init                            0x08001500   Section        0  adc.o(i.MX_ADC_Init)
    i.MX_FREERTOS_Init                       0x0800156c   Section        0  freertos.o(i.MX_FREERTOS_Init)
    i.MX_GPIO_Init                           0x080015c0   Section        0  gpio.o(i.MX_GPIO_Init)
    i.NMI_Handler                            0x0800161c   Section        0  stm32f0xx_it.o(i.NMI_Handler)
    i.SVC_Handler                            0x0800161e   Section        0  port.o(i.SVC_Handler)
    i.StartDefaultTask                       0x08001620   Section        0  freertos.o(i.StartDefaultTask)
    i.StartTaskLed                           0x08001628   Section        0  freertos.o(i.StartTaskLed)
    i.StartTaskMeasure                       0x08001654   Section        0  freertos.o(i.StartTaskMeasure)
    i.SysTick_Handler                        0x0800169c   Section        0  port.o(i.SysTick_Handler)
    i.SystemClock_Config                     0x080016c0   Section        0  main.o(i.SystemClock_Config)
    i.SystemInit                             0x08001714   Section        0  system_stm32f0xx.o(i.SystemInit)
    i.TIM6_DAC_IRQHandler                    0x08001718   Section        0  stm32f0xx_it.o(i.TIM6_DAC_IRQHandler)
    i.TIM_Base_SetConfig                     0x08001728   Section        0  stm32f0xx_hal_tim.o(i.TIM_Base_SetConfig)
    i.__ARM_common_ll_muluu                  0x080017bc   Section        0  stm32f0xx_hal_rcc.o(i.__ARM_common_ll_muluu)
    i.__NVIC_SetPriority                     0x080017ec   Section        0  stm32f0xx_hal_cortex.o(i.__NVIC_SetPriority)
    __NVIC_SetPriority                       0x080017ed   Thumb Code    60  stm32f0xx_hal_cortex.o(i.__NVIC_SetPriority)
    i.main                                   0x08001830   Section        0  main.o(i.main)
    i.makeFreeRtosPriority                   0x0800184a   Section        0  cmsis_os.o(i.makeFreeRtosPriority)
    makeFreeRtosPriority                     0x0800184b   Thumb Code    12  cmsis_os.o(i.makeFreeRtosPriority)
    i.osDelay                                0x08001856   Section        0  cmsis_os.o(i.osDelay)
    i.osKernelStart                          0x08001866   Section        0  cmsis_os.o(i.osKernelStart)
    i.osThreadCreate                         0x08001870   Section        0  cmsis_os.o(i.osThreadCreate)
    i.prvAddCurrentTaskToDelayedList         0x080018c8   Section        0  tasks.o(i.prvAddCurrentTaskToDelayedList)
    prvAddCurrentTaskToDelayedList           0x080018c9   Thumb Code    78  tasks.o(i.prvAddCurrentTaskToDelayedList)
    i.prvAddNewTaskToReadyList               0x08001920   Section        0  tasks.o(i.prvAddNewTaskToReadyList)
    prvAddNewTaskToReadyList                 0x08001921   Thumb Code   176  tasks.o(i.prvAddNewTaskToReadyList)
    i.prvDeleteTCB                           0x080019d8   Section        0  tasks.o(i.prvDeleteTCB)
    prvDeleteTCB                             0x080019d9   Thumb Code    38  tasks.o(i.prvDeleteTCB)
    i.prvHeapInit                            0x08001a00   Section        0  heap_4.o(i.prvHeapInit)
    prvHeapInit                              0x08001a01   Thumb Code    60  heap_4.o(i.prvHeapInit)
    i.prvIdleTask                            0x08001a44   Section        0  tasks.o(i.prvIdleTask)
    prvIdleTask                              0x08001a45   Thumb Code    64  tasks.o(i.prvIdleTask)
    i.prvInitialiseNewTask                   0x08001a8c   Section        0  tasks.o(i.prvInitialiseNewTask)
    prvInitialiseNewTask                     0x08001a8d   Thumb Code   124  tasks.o(i.prvInitialiseNewTask)
    i.prvInsertBlockIntoFreeList             0x08001b08   Section        0  heap_4.o(i.prvInsertBlockIntoFreeList)
    prvInsertBlockIntoFreeList               0x08001b09   Thumb Code    72  heap_4.o(i.prvInsertBlockIntoFreeList)
    i.prvResetNextTaskUnblockTime            0x08001b54   Section        0  tasks.o(i.prvResetNextTaskUnblockTime)
    prvResetNextTaskUnblockTime              0x08001b55   Thumb Code    28  tasks.o(i.prvResetNextTaskUnblockTime)
    i.prvTaskExitError                       0x08001b74   Section        0  port.o(i.prvTaskExitError)
    prvTaskExitError                         0x08001b75   Thumb Code    14  port.o(i.prvTaskExitError)
    i.pvPortMalloc                           0x08001b88   Section        0  heap_4.o(i.pvPortMalloc)
    i.pxPortInitialiseStack                  0x08001c38   Section        0  port.o(i.pxPortInitialiseStack)
    i.uxListRemove                           0x08001c58   Section        0  list.o(i.uxListRemove)
    i.vApplicationGetIdleTaskMemory          0x08001c80   Section        0  freertos.o(i.vApplicationGetIdleTaskMemory)
    i.vListInitialise                        0x08001c94   Section        0  list.o(i.vListInitialise)
    i.vListInitialiseItem                    0x08001caa   Section        0  list.o(i.vListInitialiseItem)
    i.vListInsert                            0x08001cb0   Section        0  list.o(i.vListInsert)
    i.vListInsertEnd                         0x08001ce0   Section        0  list.o(i.vListInsertEnd)
    i.vPortEnterCritical                     0x08001cf8   Section        0  port.o(i.vPortEnterCritical)
    i.vPortExitCritical                      0x08001d10   Section        0  port.o(i.vPortExitCritical)
    i.vPortFree                              0x08001d2c   Section        0  heap_4.o(i.vPortFree)
    i.vPortYield                             0x08001d70   Section        0  port.o(i.vPortYield)
    i.vTaskDelay                             0x08001d88   Section        0  tasks.o(i.vTaskDelay)
    i.vTaskStartScheduler                    0x08001db8   Section        0  tasks.o(i.vTaskStartScheduler)
    i.vTaskSuspendAll                        0x08001e10   Section        0  tasks.o(i.vTaskSuspendAll)
    i.vTaskSwitchContext                     0x08001e20   Section        0  tasks.o(i.vTaskSwitchContext)
    i.xPortStartScheduler                    0x08001e78   Section        0  port.o(i.xPortStartScheduler)
    i.xTaskCreate                            0x08001ec8   Section        0  tasks.o(i.xTaskCreate)
    i.xTaskCreateStatic                      0x08001f1a   Section        0  tasks.o(i.xTaskCreateStatic)
    i.xTaskIncrementTick                     0x08001f60   Section        0  tasks.o(i.xTaskIncrementTick)
    i.xTaskResumeAll                         0x0800201c   Section        0  tasks.o(i.xTaskResumeAll)
    .constdata                               0x080020c8   Section       84  freertos.o(.constdata)
    .constdata                               0x0800211c   Section       32  stm32f0xx_hal_rcc.o(.constdata)
    aPLLMULFactorTable                       0x0800211c   Data          16  stm32f0xx_hal_rcc.o(.constdata)
    aPredivFactorTable                       0x0800212c   Data          16  stm32f0xx_hal_rcc.o(.constdata)
    .constdata                               0x0800213c   Section       16  system_stm32f0xx.o(.constdata)
    .constdata                               0x0800214c   Section        8  system_stm32f0xx.o(.constdata)
    .conststring                             0x08002154   Section       32  freertos.o(.conststring)
    .data                                    0x20000000   Section        1  main.o(.data)
    .data                                    0x20000004   Section       16  freertos.o(.data)
    .data                                    0x20000014   Section       12  stm32f0xx_hal.o(.data)
    .data                                    0x20000020   Section        4  system_stm32f0xx.o(.data)
    .data                                    0x20000024   Section       60  tasks.o(.data)
    pxDelayedTaskList                        0x20000028   Data           4  tasks.o(.data)
    pxOverflowDelayedTaskList                0x2000002c   Data           4  tasks.o(.data)
    uxDeletedTasksWaitingCleanUp             0x20000030   Data           4  tasks.o(.data)
    uxCurrentNumberOfTasks                   0x20000034   Data           4  tasks.o(.data)
    xTickCount                               0x20000038   Data           4  tasks.o(.data)
    uxTopReadyPriority                       0x2000003c   Data           4  tasks.o(.data)
    xSchedulerRunning                        0x20000040   Data           4  tasks.o(.data)
    uxPendedTicks                            0x20000044   Data           4  tasks.o(.data)
    xYieldPending                            0x20000048   Data           4  tasks.o(.data)
    xNumOfOverflows                          0x2000004c   Data           4  tasks.o(.data)
    uxTaskNumber                             0x20000050   Data           4  tasks.o(.data)
    xNextTaskUnblockTime                     0x20000054   Data           4  tasks.o(.data)
    xIdleTaskHandle                          0x20000058   Data           4  tasks.o(.data)
    uxSchedulerSuspended                     0x2000005c   Data           4  tasks.o(.data)
    .data                                    0x20000060   Section       24  heap_4.o(.data)
    pxEnd                                    0x20000060   Data           4  heap_4.o(.data)
    xFreeBytesRemaining                      0x20000064   Data           4  heap_4.o(.data)
    xMinimumEverFreeBytesRemaining           0x20000068   Data           4  heap_4.o(.data)
    xBlockAllocatedBit                       0x2000006c   Data           4  heap_4.o(.data)
    xStart                                   0x20000070   Data           8  heap_4.o(.data)
    .data                                    0x20000078   Section        4  port.o(.data)
    uxCriticalNesting                        0x20000078   Data           4  port.o(.data)
    .bss                                     0x2000007c   Section      596  freertos.o(.bss)
    xIdleTaskTCBBuffer                       0x2000007c   Data          84  freertos.o(.bss)
    xIdleStack                               0x200000d0   Data         512  freertos.o(.bss)
    .bss                                     0x200002d0   Section       64  adc.o(.bss)
    .bss                                     0x20000310   Section       72  stm32f0xx_hal_timebase_tim.o(.bss)
    .bss                                     0x20000358   Section      240  tasks.o(.bss)
    pxReadyTasksLists                        0x20000358   Data         140  tasks.o(.bss)
    xDelayedTaskList1                        0x200003e4   Data          20  tasks.o(.bss)
    xDelayedTaskList2                        0x200003f8   Data          20  tasks.o(.bss)
    xPendingReadyList                        0x2000040c   Data          20  tasks.o(.bss)
    xTasksWaitingTermination                 0x20000420   Data          20  tasks.o(.bss)
    xSuspendedTaskList                       0x20000434   Data          20  tasks.o(.bss)
    .bss                                     0x20000448   Section     3072  heap_4.o(.bss)
    ucHeap                                   0x20000448   Data        3072  heap_4.o(.bss)
    .bss                                     0x20001048   Section       96  libspace.o(.bss)
    HEAP                                     0x200010a8   Section      512  startup_stm32f051x8.o(HEAP)
    Heap_Mem                                 0x200010a8   Data         512  startup_stm32f051x8.o(HEAP)
    STACK                                    0x200012a8   Section     1024  startup_stm32f051x8.o(STACK)
    Stack_Mem                                0x200012a8   Data        1024  startup_stm32f051x8.o(STACK)
    __initial_sp                             0x200016a8   Data           0  startup_stm32f051x8.o(STACK)

    Global Symbols

    Symbol Name                              Value     Ov Type        Size  Object(Section)

    BuildAttributes$$THM_ISAv3M$S$PE$A:L22$X:L11$S22$IEEE1$IW$USESV6$~STKCKD$USESV7$~SHL$OSPACE$ROPI$EBA8$UX$STANDARDLIB$REQ8$PRES8$EABIv2 0x00000000   Number         0  anon$$obj.o ABSOLUTE
    __ARM_use_no_argv                        0x00000000   Number         0  main.o ABSOLUTE
    __ARM_exceptions_init                     - Undefined Weak Reference
    __alloca_initialize                       - Undefined Weak Reference
    __arm_fini_                               - Undefined Weak Reference
    __arm_preinit_                            - Undefined Weak Reference
    __cpp_initialize__aeabi_                  - Undefined Weak Reference
    __cxa_finalize                            - Undefined Weak Reference
    __rt_locale                               - Undefined Weak Reference
    __sigvec_lookup                           - Undefined Weak Reference
    _atexit_init                              - Undefined Weak Reference
    _call_atexit_fns                          - Undefined Weak Reference
    _clock_init                               - Undefined Weak Reference
    _fp_trap_init                             - Undefined Weak Reference
    _fp_trap_shutdown                         - Undefined Weak Reference
    _get_lc_collate                           - Undefined Weak Reference
    _get_lc_ctype                             - Undefined Weak Reference
    _get_lc_monetary                          - Undefined Weak Reference
    _get_lc_numeric                           - Undefined Weak Reference
    _get_lc_time                              - Undefined Weak Reference
    _getenv_init                              - Undefined Weak Reference
    _handle_redirection                       - Undefined Weak Reference
    _init_alloc                               - Undefined Weak Reference
    _init_user_alloc                          - Undefined Weak Reference
    _initio                                   - Undefined Weak Reference
    _rand_init                                - Undefined Weak Reference
    _signal_finish                            - Undefined Weak Reference
    _signal_init                              - Undefined Weak Reference
    _terminate_alloc                          - Undefined Weak Reference
    _terminate_user_alloc                     - Undefined Weak Reference
    _terminateio                              - Undefined Weak Reference
    __Vectors_Size                           0x000000bc   Number         0  startup_stm32f051x8.o ABSOLUTE
    __Vectors                                0x08000000   Data           4  startup_stm32f051x8.o(RESET)
    __Vectors_End                            0x080000bc   Data           0  startup_stm32f051x8.o(RESET)
    __main                                   0x080000bd   Thumb Code     8  __main.o(!!!main)
    __scatterload                            0x080000c5   Thumb Code     0  __scatter.o(!!!scatter)
    __scatterload_rt2                        0x080000c5   Thumb Code    52  __scatter.o(!!!scatter)
    __scatterload_rt2_thumb_only             0x080000c5   Thumb Code     0  __scatter.o(!!!scatter)
    __scatterload_null                       0x080000d5   Thumb Code     0  __scatter.o(!!!scatter)
    __scatterload_copy                       0x08000101   Thumb Code    26  __scatter_copy.o(!!handler_copy)
    __scatterload_zeroinit                   0x0800011d   Thumb Code    28  __scatter_zi.o(!!handler_zi)
    __rt_lib_init                            0x08000139   Thumb Code     0  libinit.o(.ARM.Collect$$libinit$$00000000)
    __rt_lib_init_alloca_1                   0x0800013b   Thumb Code     0  libinit2.o(.ARM.Collect$$libinit$$0000002E)
    __rt_lib_init_argv_1                     0x0800013b   Thumb Code     0  libinit2.o(.ARM.Collect$$libinit$$0000002C)
    __rt_lib_init_atexit_1                   0x0800013b   Thumb Code     0  libinit2.o(.ARM.Collect$$libinit$$0000001B)
    __rt_lib_init_clock_1                    0x0800013b   Thumb Code     0  libinit2.o(.ARM.Collect$$libinit$$00000021)
    __rt_lib_init_cpp_1                      0x0800013b   Thumb Code     0  libinit2.o(.ARM.Collect$$libinit$$00000032)
    __rt_lib_init_exceptions_1               0x0800013b   Thumb Code     0  libinit2.o(.ARM.Collect$$libinit$$00000030)
    __rt_lib_init_fp_1                       0x0800013b   Thumb Code     0  libinit2.o(.ARM.Collect$$libinit$$00000002)
    __rt_lib_init_fp_trap_1                  0x0800013b   Thumb Code     0  libinit2.o(.ARM.Collect$$libinit$$0000001F)
    __rt_lib_init_getenv_1                   0x0800013b   Thumb Code     0  libinit2.o(.ARM.Collect$$libinit$$00000023)
    __rt_lib_init_heap_1                     0x0800013b   Thumb Code     0  libinit2.o(.ARM.Collect$$libinit$$0000000A)
    __rt_lib_init_lc_collate_1               0x0800013b   Thumb Code     0  libinit2.o(.ARM.Collect$$libinit$$00000011)
    __rt_lib_init_lc_ctype_1                 0x0800013b   Thumb Code     0  libinit2.o(.ARM.Collect$$libinit$$00000013)
    __rt_lib_init_lc_monetary_1              0x0800013b   Thumb Code     0  libinit2.o(.ARM.Collect$$libinit$$00000015)
    __rt_lib_init_lc_numeric_1               0x0800013b   Thumb Code     0  libinit2.o(.ARM.Collect$$libinit$$00000017)
    __rt_lib_init_lc_time_1                  0x0800013b   Thumb Code     0  libinit2.o(.ARM.Collect$$libinit$$00000019)
    __rt_lib_init_preinit_1                  0x0800013b   Thumb Code     0  libinit2.o(.ARM.Collect$$libinit$$00000004)
    __rt_lib_init_rand_1                     0x0800013b   Thumb Code     0  libinit2.o(.ARM.Collect$$libinit$$0000000E)
    __rt_lib_init_return                     0x0800013b   Thumb Code     0  libinit2.o(.ARM.Collect$$libinit$$00000033)
    __rt_lib_init_signal_1                   0x0800013b   Thumb Code     0  libinit2.o(.ARM.Collect$$libinit$$0000001D)
    __rt_lib_init_stdio_1                    0x0800013b   Thumb Code     0  libinit2.o(.ARM.Collect$$libinit$$00000025)
    __rt_lib_init_user_alloc_1               0x0800013b   Thumb Code     0  libinit2.o(.ARM.Collect$$libinit$$0000000C)
    __rt_lib_shutdown                        0x0800013d   Thumb Code     0  libshutdown.o(.ARM.Collect$$libshutdown$$00000000)
    __rt_lib_shutdown_cpp_1                  0x0800013f   Thumb Code     0  libshutdown2.o(.ARM.Collect$$libshutdown$$00000004)
    __rt_lib_shutdown_fini_1                 0x0800013f   Thumb Code     0  libshutdown2.o(.ARM.Collect$$libshutdown$$00000002)
    __rt_lib_shutdown_fp_trap_1              0x0800013f   Thumb Code     0  libshutdown2.o(.ARM.Collect$$libshutdown$$00000009)
    __rt_lib_shutdown_heap_1                 0x0800013f   Thumb Code     0  libshutdown2.o(.ARM.Collect$$libshutdown$$00000011)
    __rt_lib_shutdown_return                 0x0800013f   Thumb Code     0  libshutdown2.o(.ARM.Collect$$libshutdown$$00000012)
    __rt_lib_shutdown_signal_1               0x0800013f   Thumb Code     0  libshutdown2.o(.ARM.Collect$$libshutdown$$0000000C)
    __rt_lib_shutdown_stdio_1                0x0800013f   Thumb Code     0  libshutdown2.o(.ARM.Collect$$libshutdown$$00000006)
    __rt_lib_shutdown_user_alloc_1           0x0800013f   Thumb Code     0  libshutdown2.o(.ARM.Collect$$libshutdown$$0000000E)
    __rt_entry                               0x08000141   Thumb Code     0  __rtentry.o(.ARM.Collect$$rtentry$$00000000)
    __rt_entry_presh_1                       0x08000141   Thumb Code     0  __rtentry2.o(.ARM.Collect$$rtentry$$00000002)
    __rt_entry_sh                            0x08000141   Thumb Code     0  __rtentry4.o(.ARM.Collect$$rtentry$$00000004)
    __rt_entry_li                            0x08000147   Thumb Code     0  __rtentry2.o(.ARM.Collect$$rtentry$$0000000A)
    __rt_entry_postsh_1                      0x08000147   Thumb Code     0  __rtentry2.o(.ARM.Collect$$rtentry$$00000009)
    __rt_entry_main                          0x0800014b   Thumb Code     0  __rtentry2.o(.ARM.Collect$$rtentry$$0000000D)
    __rt_entry_postli_1                      0x0800014b   Thumb Code     0  __rtentry2.o(.ARM.Collect$$rtentry$$0000000C)
    __rt_exit                                0x08000153   Thumb Code     0  rtexit.o(.ARM.Collect$$rtexit$$00000000)
    __rt_exit_ls                             0x08000155   Thumb Code     0  rtexit2.o(.ARM.Collect$$rtexit$$00000003)
    __rt_exit_prels_1                        0x08000155   Thumb Code     0  rtexit2.o(.ARM.Collect$$rtexit$$00000002)
    __rt_exit_exit                           0x08000159   Thumb Code     0  rtexit2.o(.ARM.Collect$$rtexit$$00000004)
    __asm___6_port_c_39a90d8d__prvPortStartFirstTask 0x08000161   Thumb Code    36  port.o(.emb_text)
    ulSetInterruptMaskFromISR                0x08000189   Thumb Code     8  port.o(.emb_text)
    vClearInterruptMaskFromISR               0x08000191   Thumb Code     6  port.o(.emb_text)
    PendSV_Handler                           0x08000197   Thumb Code    62  port.o(.emb_text)
    __aeabi_memcpy4                          0x080001d9   Thumb Code    56  rt_memcpy.o(.emb_text)
    __aeabi_memcpy8                          0x080001d9   Thumb Code     0  rt_memcpy.o(.emb_text)
    Reset_Handler                            0x08000211   Thumb Code     8  startup_stm32f051x8.o(.text)
    ADC1_COMP_IRQHandler                     0x08000223   Thumb Code     0  startup_stm32f051x8.o(.text)
    CEC_IRQHandler                           0x08000223   Thumb Code     0  startup_stm32f051x8.o(.text)
    DMA1_Channel1_IRQHandler                 0x08000223   Thumb Code     0  startup_stm32f051x8.o(.text)
    DMA1_Channel2_3_IRQHandler               0x08000223   Thumb Code     0  startup_stm32f051x8.o(.text)
    DMA1_Channel4_5_IRQHandler               0x08000223   Thumb Code     0  startup_stm32f051x8.o(.text)
    EXTI0_1_IRQHandler                       0x08000223   Thumb Code     0  startup_stm32f051x8.o(.text)
    EXTI2_3_IRQHandler                       0x08000223   Thumb Code     0  startup_stm32f051x8.o(.text)
    EXTI4_15_IRQHandler                      0x08000223   Thumb Code     0  startup_stm32f051x8.o(.text)
    FLASH_IRQHandler                         0x08000223   Thumb Code     0  startup_stm32f051x8.o(.text)
    I2C1_IRQHandler                          0x08000223   Thumb Code     0  startup_stm32f051x8.o(.text)
    I2C2_IRQHandler                          0x08000223   Thumb Code     0  startup_stm32f051x8.o(.text)
    PVD_IRQHandler                           0x08000223   Thumb Code     0  startup_stm32f051x8.o(.text)
    RCC_IRQHandler                           0x08000223   Thumb Code     0  startup_stm32f051x8.o(.text)
    RTC_IRQHandler                           0x08000223   Thumb Code     0  startup_stm32f051x8.o(.text)
    SPI1_IRQHandler                          0x08000223   Thumb Code     0  startup_stm32f051x8.o(.text)
    SPI2_IRQHandler                          0x08000223   Thumb Code     0  startup_stm32f051x8.o(.text)
    TIM14_IRQHandler                         0x08000223   Thumb Code     0  startup_stm32f051x8.o(.text)
    TIM15_IRQHandler                         0x08000223   Thumb Code     0  startup_stm32f051x8.o(.text)
    TIM16_IRQHandler                         0x08000223   Thumb Code     0  startup_stm32f051x8.o(.text)
    TIM17_IRQHandler                         0x08000223   Thumb Code     0  startup_stm32f051x8.o(.text)
    TIM1_BRK_UP_TRG_COM_IRQHandler           0x08000223   Thumb Code     0  startup_stm32f051x8.o(.text)
    TIM1_CC_IRQHandler                       0x08000223   Thumb Code     0  startup_stm32f051x8.o(.text)
    TIM2_IRQHandler                          0x08000223   Thumb Code     0  startup_stm32f051x8.o(.text)
    TIM3_IRQHandler                          0x08000223   Thumb Code     0  startup_stm32f051x8.o(.text)
    TSC_IRQHandler                           0x08000223   Thumb Code     0  startup_stm32f051x8.o(.text)
    USART1_IRQHandler                        0x08000223   Thumb Code     0  startup_stm32f051x8.o(.text)
    USART2_IRQHandler                        0x08000223   Thumb Code     0  startup_stm32f051x8.o(.text)
    WWDG_IRQHandler                          0x08000223   Thumb Code     0  startup_stm32f051x8.o(.text)
    __user_initial_stackheap                 0x08000225   Thumb Code     0  startup_stm32f051x8.o(.text)
    __aeabi_uldivmod                         0x08000249   Thumb Code   258  lludiv.o(.text)
    _ll_udiv                                 0x08000249   Thumb Code     0  lludiv.o(.text)
    _memset_w                                0x0800034b   Thumb Code    26  rt_memclr.o(.text)
    _memset                                  0x08000365   Thumb Code    30  rt_memclr.o(.text)
    __aeabi_memclr                           0x08000383   Thumb Code     4  rt_memclr.o(.text)
    __rt_memclr                              0x08000383   Thumb Code     0  rt_memclr.o(.text)
    __aeabi_memclr4                          0x08000387   Thumb Code     0  rt_memclr.o(.text)
    __aeabi_memclr8                          0x08000387   Thumb Code     0  rt_memclr.o(.text)
    __rt_memclr_w                            0x08000387   Thumb Code     4  rt_memclr.o(.text)
    __aeabi_uidiv                            0x0800038b   Thumb Code     0  aeabi_sdiv.o(.text)
    __aeabi_uidivmod                         0x0800038b   Thumb Code    20  aeabi_sdiv.o(.text)
    __aeabi_idiv                             0x0800039f   Thumb Code     0  aeabi_sdiv.o(.text)
    __aeabi_idivmod                          0x0800039f   Thumb Code   326  aeabi_sdiv.o(.text)
    __use_two_region_memory                  0x080004e5   Thumb Code     2  heapauxi.o(.text)
    __rt_heap_escrow$2region                 0x080004e7   Thumb Code     2  heapauxi.o(.text)
    __rt_heap_expand$2region                 0x080004e9   Thumb Code     2  heapauxi.o(.text)
    __user_setup_stackheap                   0x080004eb   Thumb Code    62  sys_stackheap_outer.o(.text)
    exit                                     0x08000529   Thumb Code    16  exit.o(.text)
    __user_libspace                          0x08000539   Thumb Code     8  libspace.o(.text)
    __user_perproc_libspace                  0x08000539   Thumb Code     0  libspace.o(.text)
    __user_perthread_libspace                0x08000539   Thumb Code     0  libspace.o(.text)
    _sys_exit                                0x08000541   Thumb Code     8  sys_exit.o(.text)
    __I$use$semihosting                      0x0800054d   Thumb Code     0  use_no_semi.o(.text)
    __use_no_semihosting_swi                 0x0800054d   Thumb Code     2  use_no_semi.o(.text)
    __semihosting_library_function           0x0800054f   Thumb Code     0  indicate_semi.o(.text)
    Error_Handler                            0x080005e1   Thumb Code     4  main.o(i.Error_Handler)
    HAL_ADCEx_Calibration_Start              0x080005e5   Thumb Code   184  stm32f0xx_hal_adc_ex.o(i.HAL_ADCEx_Calibration_Start)
    HAL_ADC_ConfigChannel                    0x0800069d   Thumb Code   284  stm32f0xx_hal_adc.o(i.HAL_ADC_ConfigChannel)
    HAL_ADC_GetValue                         0x080007c9   Thumb Code     6  stm32f0xx_hal_adc.o(i.HAL_ADC_GetValue)
    HAL_ADC_Init                             0x080007d1   Thumb Code   366  stm32f0xx_hal_adc.o(i.HAL_ADC_Init)
    HAL_ADC_MspInit                          0x08000949   Thumb Code    78  adc.o(i.HAL_ADC_MspInit)
    HAL_ADC_PollForConversion                0x080009a1   Thumb Code   198  stm32f0xx_hal_adc.o(i.HAL_ADC_PollForConversion)
    HAL_ADC_Start                            0x08000a69   Thumb Code    86  stm32f0xx_hal_adc.o(i.HAL_ADC_Start)
    HAL_GPIO_Init                            0x08000ac5   Thumb Code   396  stm32f0xx_hal_gpio.o(i.HAL_GPIO_Init)
    HAL_GPIO_WritePin                        0x08000c69   Thumb Code    12  stm32f0xx_hal_gpio.o(i.HAL_GPIO_WritePin)
    HAL_GetTick                              0x08000c75   Thumb Code     6  stm32f0xx_hal.o(i.HAL_GetTick)
    HAL_IncTick                              0x08000c81   Thumb Code    12  stm32f0xx_hal.o(i.HAL_IncTick)
    HAL_Init                                 0x08000c91   Thumb Code    26  stm32f0xx_hal.o(i.HAL_Init)
    HAL_InitTick                             0x08000cb1   Thumb Code   130  stm32f0xx_hal_timebase_tim.o(i.HAL_InitTick)
    HAL_MspInit                              0x08000d4d   Thumb Code    44  stm32f0xx_hal_msp.o(i.HAL_MspInit)
    HAL_NVIC_EnableIRQ                       0x08000d7d   Thumb Code    18  stm32f0xx_hal_cortex.o(i.HAL_NVIC_EnableIRQ)
    HAL_NVIC_SetPriority                     0x08000d95   Thumb Code     8  stm32f0xx_hal_cortex.o(i.HAL_NVIC_SetPriority)
    HAL_RCC_ClockConfig                      0x08000d9d   Thumb Code   242  stm32f0xx_hal_rcc.o(i.HAL_RCC_ClockConfig)
    HAL_RCC_GetClockConfig                   0x08000ea5   Thumb Code    46  stm32f0xx_hal_rcc.o(i.HAL_RCC_GetClockConfig)
    HAL_RCC_GetPCLK1Freq                     0x08000edd   Thumb Code    20  stm32f0xx_hal_rcc.o(i.HAL_RCC_GetPCLK1Freq)
    HAL_RCC_GetSysClockFreq                  0x08000efd   Thumb Code    68  stm32f0xx_hal_rcc.o(i.HAL_RCC_GetSysClockFreq)
    HAL_RCC_OscConfig                        0x08000f51   Thumb Code   890  stm32f0xx_hal_rcc.o(i.HAL_RCC_OscConfig)
    HAL_TIMEx_BreakCallback                  0x080012d9   Thumb Code     2  stm32f0xx_hal_tim_ex.o(i.HAL_TIMEx_BreakCallback)
    HAL_TIMEx_CommutCallback                 0x080012db   Thumb Code     2  stm32f0xx_hal_tim_ex.o(i.HAL_TIMEx_CommutCallback)
    HAL_TIM_Base_Init                        0x080012dd   Thumb Code    72  stm32f0xx_hal_tim.o(i.HAL_TIM_Base_Init)
    HAL_TIM_Base_MspInit                     0x08001325   Thumb Code     2  stm32f0xx_hal_tim.o(i.HAL_TIM_Base_MspInit)
    HAL_TIM_Base_Start_IT                    0x08001329   Thumb Code    74  stm32f0xx_hal_tim.o(i.HAL_TIM_Base_Start_IT)
    HAL_TIM_IC_CaptureCallback               0x08001381   Thumb Code     2  stm32f0xx_hal_tim.o(i.HAL_TIM_IC_CaptureCallback)
    HAL_TIM_IRQHandler                       0x08001383   Thumb Code   354  stm32f0xx_hal_tim.o(i.HAL_TIM_IRQHandler)
    HAL_TIM_OC_DelayElapsedCallback          0x080014e5   Thumb Code     2  stm32f0xx_hal_tim.o(i.HAL_TIM_OC_DelayElapsedCallback)
    HAL_TIM_PWM_PulseFinishedCallback        0x080014e7   Thumb Code     2  stm32f0xx_hal_tim.o(i.HAL_TIM_PWM_PulseFinishedCallback)
    HAL_TIM_PeriodElapsedCallback            0x080014e9   Thumb Code    16  main.o(i.HAL_TIM_PeriodElapsedCallback)
    HAL_TIM_TriggerCallback                  0x080014fd   Thumb Code     2  stm32f0xx_hal_tim.o(i.HAL_TIM_TriggerCallback)
    HardFault_Handler                        0x080014ff   Thumb Code     2  stm32f0xx_it.o(i.HardFault_Handler)
    MX_ADC_Init                              0x08001501   Thumb Code    98  adc.o(i.MX_ADC_Init)
    MX_FREERTOS_Init                         0x0800156d   Thumb Code    74  freertos.o(i.MX_FREERTOS_Init)
    MX_GPIO_Init                             0x080015c1   Thumb Code    82  gpio.o(i.MX_GPIO_Init)
    NMI_Handler                              0x0800161d   Thumb Code     2  stm32f0xx_it.o(i.NMI_Handler)
    SVC_Handler                              0x0800161f   Thumb Code     2  port.o(i.SVC_Handler)
    StartDefaultTask                         0x08001621   Thumb Code     8  freertos.o(i.StartDefaultTask)
    StartTaskLed                             0x08001629   Thumb Code    36  freertos.o(i.StartTaskLed)
    StartTaskMeasure                         0x08001655   Thumb Code    56  freertos.o(i.StartTaskMeasure)
    SysTick_Handler                          0x0800169d   Thumb Code    32  port.o(i.SysTick_Handler)
    SystemClock_Config                       0x080016c1   Thumb Code    84  main.o(i.SystemClock_Config)
    SystemInit                               0x08001715   Thumb Code     2  system_stm32f0xx.o(i.SystemInit)
    TIM6_DAC_IRQHandler                      0x08001719   Thumb Code    10  stm32f0xx_it.o(i.TIM6_DAC_IRQHandler)
    TIM_Base_SetConfig                       0x08001729   Thumb Code   124  stm32f0xx_hal_tim.o(i.TIM_Base_SetConfig)
    __ARM_common_ll_muluu                    0x080017bd   Thumb Code    48  stm32f0xx_hal_rcc.o(i.__ARM_common_ll_muluu)
    main                                     0x08001831   Thumb Code    26  main.o(i.main)
    osDelay                                  0x08001857   Thumb Code    16  cmsis_os.o(i.osDelay)
    osKernelStart                            0x08001867   Thumb Code    10  cmsis_os.o(i.osKernelStart)
    osThreadCreate                           0x08001871   Thumb Code    88  cmsis_os.o(i.osThreadCreate)
    pvPortMalloc                             0x08001b89   Thumb Code   172  heap_4.o(i.pvPortMalloc)
    pxPortInitialiseStack                    0x08001c39   Thumb Code    28  port.o(i.pxPortInitialiseStack)
    uxListRemove                             0x08001c59   Thumb Code    38  list.o(i.uxListRemove)
    vApplicationGetIdleTaskMemory            0x08001c81   Thumb Code    16  freertos.o(i.vApplicationGetIdleTaskMemory)
    vListInitialise                          0x08001c95   Thumb Code    22  list.o(i.vListInitialise)
    vListInitialiseItem                      0x08001cab   Thumb Code     6  list.o(i.vListInitialiseItem)
    vListInsert                              0x08001cb1   Thumb Code    48  list.o(i.vListInsert)
    vListInsertEnd                           0x08001ce1   Thumb Code    24  list.o(i.vListInsertEnd)
    vPortEnterCritical                       0x08001cf9   Thumb Code    20  port.o(i.vPortEnterCritical)
    vPortExitCritical                        0x08001d11   Thumb Code    22  port.o(i.vPortExitCritical)
    vPortFree                                0x08001d2d   Thumb Code    62  heap_4.o(i.vPortFree)
    vPortYield                               0x08001d71   Thumb Code    18  port.o(i.vPortYield)
    vTaskDelay                               0x08001d89   Thumb Code    44  tasks.o(i.vTaskDelay)
    vTaskStartScheduler                      0x08001db9   Thumb Code    72  tasks.o(i.vTaskStartScheduler)
    vTaskSuspendAll                          0x08001e11   Thumb Code    10  tasks.o(i.vTaskSuspendAll)
    vTaskSwitchContext                       0x08001e21   Thumb Code    78  tasks.o(i.vTaskSwitchContext)
    xPortStartScheduler                      0x08001e79   Thumb Code    62  port.o(i.xPortStartScheduler)
    xTaskCreate                              0x08001ec9   Thumb Code    82  tasks.o(i.xTaskCreate)
    xTaskCreateStatic                        0x08001f1b   Thumb Code    68  tasks.o(i.xTaskCreateStatic)
    xTaskIncrementTick                       0x08001f61   Thumb Code   180  tasks.o(i.xTaskIncrementTick)
    xTaskResumeAll                           0x0800201d   Thumb Code   164  tasks.o(i.xTaskResumeAll)
    AHBPrescTable                            0x0800213c   Data          16  system_stm32f0xx.o(.constdata)
    APBPrescTable                            0x0800214c   Data           8  system_stm32f0xx.o(.constdata)
    Region$$Table$$Base                      0x08002174   Number         0  anon$$obj.o(Region$$Table)
    Region$$Table$$Limit                     0x08002194   Number         0  anon$$obj.o(Region$$Table)
    ucADC_Status                             0x20000000   Data           1  main.o(.data)
    ulADC_Value                              0x20000004   Data           4  freertos.o(.data)
    defaultTaskHandle                        0x20000008   Data           4  freertos.o(.data)
    TaskLedHandle                            0x2000000c   Data           4  freertos.o(.data)
    TaskMeasureHandle                        0x20000010   Data           4  freertos.o(.data)
    uwTickFreq                               0x20000014   Data           1  stm32f0xx_hal.o(.data)
    uwTickPrio                               0x20000018   Data           4  stm32f0xx_hal.o(.data)
    uwTick                                   0x2000001c   Data           4  stm32f0xx_hal.o(.data)
    SystemCoreClock                          0x20000020   Data           4  system_stm32f0xx.o(.data)
    pxCurrentTCB                             0x20000024   Data           4  tasks.o(.data)
    hadc                                     0x200002d0   Data          64  adc.o(.bss)
    htim6                                    0x20000310   Data          72  stm32f0xx_hal_timebase_tim.o(.bss)
    __libspace_start                         0x20001048   Data          96  libspace.o(.bss)
    __temporary_stack_top$libspace           0x200010a8   Data           0  libspace.o(.bss)



==============================================================================

Memory Map of the image

  Image Entry point : 0x080000bd

  Load Region LR_IROM1 (Base: 0x08000000, Size: 0x00002210, Max: 0x00010000, ABSOLUTE)

    Execution Region ER_IROM1 (Exec base: 0x08000000, Load base: 0x08000000, Size: 0x00002194, Max: 0x00010000, ABSOLUTE)

    Exec Addr    Load Addr    Size         Type   Attr      Idx    E Section Name        Object

    0x08000000   0x08000000   0x000000bc   Data   RO            3    RESET               startup_stm32f051x8.o
    0x080000bc   0x080000bc   0x00000008   Code   RO         4266  * !!!main             c_p.l(__main.o)
    0x080000c4   0x080000c4   0x0000003c   Code   RO         4441    !!!scatter          c_p.l(__scatter.o)
    0x08000100   0x08000100   0x0000001a   Code   RO         4443    !!handler_copy      c_p.l(__scatter_copy.o)
    0x0800011a   0x0800011a   0x00000002   PAD
    0x0800011c   0x0800011c   0x0000001c   Code   RO         4445    !!handler_zi        c_p.l(__scatter_zi.o)
    0x08000138   0x08000138   0x00000002   Code   RO         4308    .ARM.Collect$$libinit$$00000000  c_p.l(libinit.o)
    0x0800013a   0x0800013a   0x00000000   Code   RO         4322    .ARM.Collect$$libinit$$00000002  c_p.l(libinit2.o)
    0x0800013a   0x0800013a   0x00000000   Code   RO         4324    .ARM.Collect$$libinit$$00000004  c_p.l(libinit2.o)
    0x0800013a   0x0800013a   0x00000000   Code   RO         4327    .ARM.Collect$$libinit$$0000000A  c_p.l(libinit2.o)
    0x0800013a   0x0800013a   0x00000000   Code   RO         4329    .ARM.Collect$$libinit$$0000000C  c_p.l(libinit2.o)
    0x0800013a   0x0800013a   0x00000000   Code   RO         4331    .ARM.Collect$$libinit$$0000000E  c_p.l(libinit2.o)
    0x0800013a   0x0800013a   0x00000000   Code   RO         4334    .ARM.Collect$$libinit$$00000011  c_p.l(libinit2.o)
    0x0800013a   0x0800013a   0x00000000   Code   RO         4336    .ARM.Collect$$libinit$$00000013  c_p.l(libinit2.o)
    0x0800013a   0x0800013a   0x00000000   Code   RO         4338    .ARM.Collect$$libinit$$00000015  c_p.l(libinit2.o)
    0x0800013a   0x0800013a   0x00000000   Code   RO         4340    .ARM.Collect$$libinit$$00000017  c_p.l(libinit2.o)
    0x0800013a   0x0800013a   0x00000000   Code   RO         4342    .ARM.Collect$$libinit$$00000019  c_p.l(libinit2.o)
    0x0800013a   0x0800013a   0x00000000   Code   RO         4344    .ARM.Collect$$libinit$$0000001B  c_p.l(libinit2.o)
    0x0800013a   0x0800013a   0x00000000   Code   RO         4346    .ARM.Collect$$libinit$$0000001D  c_p.l(libinit2.o)
    0x0800013a   0x0800013a   0x00000000   Code   RO         4348    .ARM.Collect$$libinit$$0000001F  c_p.l(libinit2.o)
    0x0800013a   0x0800013a   0x00000000   Code   RO         4350    .ARM.Collect$$libinit$$00000021  c_p.l(libinit2.o)
    0x0800013a   0x0800013a   0x00000000   Code   RO         4352    .ARM.Collect$$libinit$$00000023  c_p.l(libinit2.o)
    0x0800013a   0x0800013a   0x00000000   Code   RO         4354    .ARM.Collect$$libinit$$00000025  c_p.l(libinit2.o)
    0x0800013a   0x0800013a   0x00000000   Code   RO         4358    .ARM.Collect$$libinit$$0000002C  c_p.l(libinit2.o)
    0x0800013a   0x0800013a   0x00000000   Code   RO         4360    .ARM.Collect$$libinit$$0000002E  c_p.l(libinit2.o)
    0x0800013a   0x0800013a   0x00000000   Code   RO         4362    .ARM.Collect$$libinit$$00000030  c_p.l(libinit2.o)
    0x0800013a   0x0800013a   0x00000000   Code   RO         4364    .ARM.Collect$$libinit$$00000032  c_p.l(libinit2.o)
    0x0800013a   0x0800013a   0x00000002   Code   RO         4365    .ARM.Collect$$libinit$$00000033  c_p.l(libinit2.o)
    0x0800013c   0x0800013c   0x00000002   Code   RO         4396    .ARM.Collect$$libshutdown$$00000000  c_p.l(libshutdown.o)
    0x0800013e   0x0800013e   0x00000000   Code   RO         4422    .ARM.Collect$$libshutdown$$00000002  c_p.l(libshutdown2.o)
    0x0800013e   0x0800013e   0x00000000   Code   RO         4424    .ARM.Collect$$libshutdown$$00000004  c_p.l(libshutdown2.o)
    0x0800013e   0x0800013e   0x00000000   Code   RO         4426    .ARM.Collect$$libshutdown$$00000006  c_p.l(libshutdown2.o)
    0x0800013e   0x0800013e   0x00000000   Code   RO         4429    .ARM.Collect$$libshutdown$$00000009  c_p.l(libshutdown2.o)
    0x0800013e   0x0800013e   0x00000000   Code   RO         4432    .ARM.Collect$$libshutdown$$0000000C  c_p.l(libshutdown2.o)
    0x0800013e   0x0800013e   0x00000000   Code   RO         4434    .ARM.Collect$$libshutdown$$0000000E  c_p.l(libshutdown2.o)
    0x0800013e   0x0800013e   0x00000000   Code   RO         4437    .ARM.Collect$$libshutdown$$00000011  c_p.l(libshutdown2.o)
    0x0800013e   0x0800013e   0x00000002   Code   RO         4438    .ARM.Collect$$libshutdown$$00000012  c_p.l(libshutdown2.o)
    0x08000140   0x08000140   0x00000000   Code   RO         4268    .ARM.Collect$$rtentry$$00000000  c_p.l(__rtentry.o)
    0x08000140   0x08000140   0x00000000   Code   RO         4278    .ARM.Collect$$rtentry$$00000002  c_p.l(__rtentry2.o)
    0x08000140   0x08000140   0x00000006   Code   RO         4290    .ARM.Collect$$rtentry$$00000004  c_p.l(__rtentry4.o)
    0x08000146   0x08000146   0x00000000   Code   RO         4280    .ARM.Collect$$rtentry$$00000009  c_p.l(__rtentry2.o)
    0x08000146   0x08000146   0x00000004   Code   RO         4281    .ARM.Collect$$rtentry$$0000000A  c_p.l(__rtentry2.o)
    0x0800014a   0x0800014a   0x00000000   Code   RO         4283    .ARM.Collect$$rtentry$$0000000C  c_p.l(__rtentry2.o)
    0x0800014a   0x0800014a   0x00000008   Code   RO         4284    .ARM.Collect$$rtentry$$0000000D  c_p.l(__rtentry2.o)
    0x08000152   0x08000152   0x00000002   Code   RO         4313    .ARM.Collect$$rtexit$$00000000  c_p.l(rtexit.o)
    0x08000154   0x08000154   0x00000000   Code   RO         4369    .ARM.Collect$$rtexit$$00000002  c_p.l(rtexit2.o)
    0x08000154   0x08000154   0x00000004   Code   RO         4370    .ARM.Collect$$rtexit$$00000003  c_p.l(rtexit2.o)
    0x08000158   0x08000158   0x00000006   Code   RO         4371    .ARM.Collect$$rtexit$$00000004  c_p.l(rtexit2.o)
    0x0800015e   0x0800015e   0x00000002   PAD
    0x08000160   0x08000160   0x00000078   Code   RO         4181    .emb_text           port.o
    0x080001d8   0x080001d8   0x00000038   Code   RO         4252    .emb_text           c_p.l(rt_memcpy.o)
    0x08000210   0x08000210   0x00000038   Code   RO            4    .text               startup_stm32f051x8.o
    0x08000248   0x08000248   0x00000102   Code   RO         4250    .text               c_p.l(lludiv.o)
    0x0800034a   0x0800034a   0x00000040   Code   RO         4258    .text               c_p.l(rt_memclr.o)
    0x0800038a   0x0800038a   0x0000015a   Code   RO         4260    .text               c_p.l(aeabi_sdiv.o)
    0x080004e4   0x080004e4   0x00000006   Code   RO         4264    .text               c_p.l(heapauxi.o)
    0x080004ea   0x080004ea   0x0000003e   Code   RO         4294    .text               c_p.l(sys_stackheap_outer.o)
    0x08000528   0x08000528   0x00000010   Code   RO         4297    .text               c_p.l(exit.o)
    0x08000538   0x08000538   0x00000008   Code   RO         4309    .text               c_p.l(libspace.o)
    0x08000540   0x08000540   0x0000000c   Code   RO         4366    .text               c_p.l(sys_exit.o)
    0x0800054c   0x0800054c   0x00000002   Code   RO         4385    .text               c_p.l(use_no_semi.o)
    0x0800054e   0x0800054e   0x00000000   Code   RO         4387    .text               c_p.l(indicate_semi.o)
    0x0800054e   0x0800054e   0x00000002   PAD
    0x08000550   0x08000550   0x00000090   Code   RO          414    i.ADC_Enable        stm32f0xx_hal_adc.o
    0x080005e0   0x080005e0   0x00000004   Code   RO           12    i.Error_Handler     main.o
    0x080005e4   0x080005e4   0x000000b8   Code   RO          585    i.HAL_ADCEx_Calibration_Start  stm32f0xx_hal_adc_ex.o
    0x0800069c   0x0800069c   0x0000012c   Code   RO          416    i.HAL_ADC_ConfigChannel  stm32f0xx_hal_adc.o
    0x080007c8   0x080007c8   0x00000006   Code   RO          423    i.HAL_ADC_GetValue  stm32f0xx_hal_adc.o
    0x080007ce   0x080007ce   0x00000002   PAD
    0x080007d0   0x080007d0   0x00000178   Code   RO          425    i.HAL_ADC_Init      stm32f0xx_hal_adc.o
    0x08000948   0x08000948   0x00000058   Code   RO          281    i.HAL_ADC_MspInit   adc.o
    0x080009a0   0x080009a0   0x000000c6   Code   RO          429    i.HAL_ADC_PollForConversion  stm32f0xx_hal_adc.o
    0x08000a66   0x08000a66   0x00000002   PAD
    0x08000a68   0x08000a68   0x0000005c   Code   RO          431    i.HAL_ADC_Start     stm32f0xx_hal_adc.o
    0x08000ac4   0x08000ac4   0x000001a4   Code   RO         1411    i.HAL_GPIO_Init     stm32f0xx_hal_gpio.o
    0x08000c68   0x08000c68   0x0000000c   Code   RO         1415    i.HAL_GPIO_WritePin  stm32f0xx_hal_gpio.o
    0x08000c74   0x08000c74   0x0000000c   Code   RO          741    i.HAL_GetTick       stm32f0xx_hal.o
    0x08000c80   0x08000c80   0x00000010   Code   RO          747    i.HAL_IncTick       stm32f0xx_hal.o
    0x08000c90   0x08000c90   0x00000020   Code   RO          748    i.HAL_Init          stm32f0xx_hal.o
    0x08000cb0   0x08000cb0   0x0000009c   Code   RO          374    i.HAL_InitTick      stm32f0xx_hal_timebase_tim.o
    0x08000d4c   0x08000d4c   0x00000030   Code   RO          354    i.HAL_MspInit       stm32f0xx_hal_msp.o
    0x08000d7c   0x08000d7c   0x00000018   Code   RO         1570    i.HAL_NVIC_EnableIRQ  stm32f0xx_hal_cortex.o
    0x08000d94   0x08000d94   0x00000008   Code   RO         1574    i.HAL_NVIC_SetPriority  stm32f0xx_hal_cortex.o
    0x08000d9c   0x08000d9c   0x00000108   Code   RO          606    i.HAL_RCC_ClockConfig  stm32f0xx_hal_rcc.o
    0x08000ea4   0x08000ea4   0x00000038   Code   RO          610    i.HAL_RCC_GetClockConfig  stm32f0xx_hal_rcc.o
    0x08000edc   0x08000edc   0x00000020   Code   RO          613    i.HAL_RCC_GetPCLK1Freq  stm32f0xx_hal_rcc.o
    0x08000efc   0x08000efc   0x00000054   Code   RO          614    i.HAL_RCC_GetSysClockFreq  stm32f0xx_hal_rcc.o
    0x08000f50   0x08000f50   0x00000388   Code   RO          617    i.HAL_RCC_OscConfig  stm32f0xx_hal_rcc.o
    0x080012d8   0x080012d8   0x00000002   Code   RO         2742    i.HAL_TIMEx_BreakCallback  stm32f0xx_hal_tim_ex.o
    0x080012da   0x080012da   0x00000002   Code   RO         2743    i.HAL_TIMEx_CommutCallback  stm32f0xx_hal_tim_ex.o
    0x080012dc   0x080012dc   0x00000048   Code   RO         2042    i.HAL_TIM_Base_Init  stm32f0xx_hal_tim.o
    0x08001324   0x08001324   0x00000002   Code   RO         2044    i.HAL_TIM_Base_MspInit  stm32f0xx_hal_tim.o
    0x08001326   0x08001326   0x00000002   PAD
    0x08001328   0x08001328   0x00000058   Code   RO         2047    i.HAL_TIM_Base_Start_IT  stm32f0xx_hal_tim.o
    0x08001380   0x08001380   0x00000002   Code   RO         2076    i.HAL_TIM_IC_CaptureCallback  stm32f0xx_hal_tim.o
    0x08001382   0x08001382   0x00000162   Code   RO         2090    i.HAL_TIM_IRQHandler  stm32f0xx_hal_tim.o
    0x080014e4   0x080014e4   0x00000002   Code   RO         2093    i.HAL_TIM_OC_DelayElapsedCallback  stm32f0xx_hal_tim.o
    0x080014e6   0x080014e6   0x00000002   Code   RO         2120    i.HAL_TIM_PWM_PulseFinishedCallback  stm32f0xx_hal_tim.o
    0x080014e8   0x080014e8   0x00000014   Code   RO           13    i.HAL_TIM_PeriodElapsedCallback  main.o
    0x080014fc   0x080014fc   0x00000002   Code   RO         2133    i.HAL_TIM_TriggerCallback  stm32f0xx_hal_tim.o
    0x080014fe   0x080014fe   0x00000002   Code   RO          318    i.HardFault_Handler  stm32f0xx_it.o
    0x08001500   0x08001500   0x0000006c   Code   RO          282    i.MX_ADC_Init       adc.o
    0x0800156c   0x0800156c   0x00000054   Code   RO          221    i.MX_FREERTOS_Init  freertos.o
    0x080015c0   0x080015c0   0x0000005c   Code   RO          201    i.MX_GPIO_Init      gpio.o
    0x0800161c   0x0800161c   0x00000002   Code   RO          319    i.NMI_Handler       stm32f0xx_it.o
    0x0800161e   0x0800161e   0x00000002   Code   RO         4182    i.SVC_Handler       port.o
    0x08001620   0x08001620   0x00000008   Code   RO          222    i.StartDefaultTask  freertos.o
    0x08001628   0x08001628   0x0000002c   Code   RO          223    i.StartTaskLed      freertos.o
    0x08001654   0x08001654   0x00000048   Code   RO          224    i.StartTaskMeasure  freertos.o
    0x0800169c   0x0800169c   0x00000024   Code   RO         4183    i.SysTick_Handler   port.o
    0x080016c0   0x080016c0   0x00000054   Code   RO           14    i.SystemClock_Config  main.o
    0x08001714   0x08001714   0x00000002   Code   RO         3006    i.SystemInit        system_stm32f0xx.o
    0x08001716   0x08001716   0x00000002   PAD
    0x08001718   0x08001718   0x00000010   Code   RO          320    i.TIM6_DAC_IRQHandler  stm32f0xx_it.o
    0x08001728   0x08001728   0x00000094   Code   RO         2135    i.TIM_Base_SetConfig  stm32f0xx_hal_tim.o
    0x080017bc   0x080017bc   0x00000030   Code   RO          692    i.__ARM_common_ll_muluu  stm32f0xx_hal_rcc.o
    0x080017ec   0x080017ec   0x00000044   Code   RO         1580    i.__NVIC_SetPriority  stm32f0xx_hal_cortex.o
    0x08001830   0x08001830   0x0000001a   Code   RO           15    i.main              main.o
    0x0800184a   0x0800184a   0x0000000c   Code   RO         3783    i.makeFreeRtosPriority  cmsis_os.o
    0x08001856   0x08001856   0x00000010   Code   RO         3785    i.osDelay           cmsis_os.o
    0x08001866   0x08001866   0x0000000a   Code   RO         3788    i.osKernelStart     cmsis_os.o
    0x08001870   0x08001870   0x00000058   Code   RO         3822    i.osThreadCreate    cmsis_os.o
    0x080018c8   0x080018c8   0x00000058   Code   RO         3481    i.prvAddCurrentTaskToDelayedList  tasks.o
    0x08001920   0x08001920   0x000000b8   Code   RO         3482    i.prvAddNewTaskToReadyList  tasks.o
    0x080019d8   0x080019d8   0x00000026   Code   RO         3483    i.prvDeleteTCB      tasks.o
    0x080019fe   0x080019fe   0x00000002   PAD
    0x08001a00   0x08001a00   0x00000044   Code   RO         4132    i.prvHeapInit       heap_4.o
    0x08001a44   0x08001a44   0x00000048   Code   RO         3484    i.prvIdleTask       tasks.o
    0x08001a8c   0x08001a8c   0x0000007c   Code   RO         3485    i.prvInitialiseNewTask  tasks.o
    0x08001b08   0x08001b08   0x0000004c   Code   RO         4133    i.prvInsertBlockIntoFreeList  heap_4.o
    0x08001b54   0x08001b54   0x00000020   Code   RO         3486    i.prvResetNextTaskUnblockTime  tasks.o
    0x08001b74   0x08001b74   0x00000014   Code   RO         4184    i.prvTaskExitError  port.o
    0x08001b88   0x08001b88   0x000000b0   Code   RO         4134    i.pvPortMalloc      heap_4.o
    0x08001c38   0x08001c38   0x00000020   Code   RO         4185    i.pxPortInitialiseStack  port.o
    0x08001c58   0x08001c58   0x00000026   Code   RO         3129    i.uxListRemove      list.o
    0x08001c7e   0x08001c7e   0x00000002   PAD
    0x08001c80   0x08001c80   0x00000014   Code   RO          225    i.vApplicationGetIdleTaskMemory  freertos.o
    0x08001c94   0x08001c94   0x00000016   Code   RO         3130    i.vListInitialise   list.o
    0x08001caa   0x08001caa   0x00000006   Code   RO         3131    i.vListInitialiseItem  list.o
    0x08001cb0   0x08001cb0   0x00000030   Code   RO         3132    i.vListInsert       list.o
    0x08001ce0   0x08001ce0   0x00000018   Code   RO         3133    i.vListInsertEnd    list.o
    0x08001cf8   0x08001cf8   0x00000018   Code   RO         4187    i.vPortEnterCritical  port.o
    0x08001d10   0x08001d10   0x0000001c   Code   RO         4188    i.vPortExitCritical  port.o
    0x08001d2c   0x08001d2c   0x00000044   Code   RO         4135    i.vPortFree         heap_4.o
    0x08001d70   0x08001d70   0x00000018   Code   RO         4189    i.vPortYield        port.o
    0x08001d88   0x08001d88   0x00000030   Code   RO         3494    i.vTaskDelay        tasks.o
    0x08001db8   0x08001db8   0x00000058   Code   RO         3507    i.vTaskStartScheduler  tasks.o
    0x08001e10   0x08001e10   0x00000010   Code   RO         3509    i.vTaskSuspendAll   tasks.o
    0x08001e20   0x08001e20   0x00000058   Code   RO         3510    i.vTaskSwitchContext  tasks.o
    0x08001e78   0x08001e78   0x00000050   Code   RO         4190    i.xPortStartScheduler  port.o
    0x08001ec8   0x08001ec8   0x00000052   Code   RO         3512    i.xTaskCreate       tasks.o
    0x08001f1a   0x08001f1a   0x00000044   Code   RO         3513    i.xTaskCreateStatic  tasks.o
    0x08001f5e   0x08001f5e   0x00000002   PAD
    0x08001f60   0x08001f60   0x000000bc   Code   RO         3520    i.xTaskIncrementTick  tasks.o
    0x0800201c   0x0800201c   0x000000ac   Code   RO         3526    i.xTaskResumeAll    tasks.o
    0x080020c8   0x080020c8   0x00000054   Data   RO          227    .constdata          freertos.o
    0x0800211c   0x0800211c   0x00000020   Data   RO          618    .constdata          stm32f0xx_hal_rcc.o
    0x0800213c   0x0800213c   0x00000010   Data   RO         3007    .constdata          system_stm32f0xx.o
    0x0800214c   0x0800214c   0x00000008   Data   RO         3008    .constdata          system_stm32f0xx.o
    0x08002154   0x08002154   0x00000020   Data   RO          228    .conststring        freertos.o
    0x08002174   0x08002174   0x00000020   Data   RO         4439    Region$$Table       anon$$obj.o


    Execution Region RW_IRAM1 (Exec base: 0x20000000, Load base: 0x08002194, Size: 0x000016a8, Max: 0x00002000, ABSOLUTE)

    Exec Addr    Load Addr    Size         Type   Attr      Idx    E Section Name        Object

    0x20000000   0x08002194   0x00000001   Data   RW           16    .data               main.o
    0x20000001   0x08002195   0x00000003   PAD
    0x20000004   0x08002198   0x00000010   Data   RW          229    .data               freertos.o
    0x20000014   0x080021a8   0x0000000c   Data   RW          755    .data               stm32f0xx_hal.o
    0x20000020   0x080021b4   0x00000004   Data   RW         3009    .data               system_stm32f0xx.o
    0x20000024   0x080021b8   0x0000003c   Data   RW         3529    .data               tasks.o
    0x20000060   0x080021f4   0x00000018   Data   RW         4140    .data               heap_4.o
    0x20000078   0x0800220c   0x00000004   Data   RW         4191    .data               port.o
    0x2000007c        -       0x00000254   Zero   RW          226    .bss                freertos.o
    0x200002d0        -       0x00000040   Zero   RW          283    .bss                adc.o
    0x20000310        -       0x00000048   Zero   RW          377    .bss                stm32f0xx_hal_timebase_tim.o
    0x20000358        -       0x000000f0   Zero   RW         3528    .bss                tasks.o
    0x20000448        -       0x00000c00   Zero   RW         4139    .bss                heap_4.o
    0x20001048        -       0x00000060   Zero   RW         4310    .bss                c_p.l(libspace.o)
    0x200010a8        -       0x00000200   Zero   RW            2    HEAP                startup_stm32f051x8.o
    0x200012a8        -       0x00000400   Zero   RW            1    STACK               startup_stm32f051x8.o


==============================================================================

Image component sizes


      Code (inc. data)   RO Data    RW Data    ZI Data      Debug   Object Name

       196         20          0          0         64       1515   adc.o
       126          0          0          0          0       8073   cmsis_os.o
         0          0          0          0          0      10232   event_groups.o
       228         38        116         16        596       3392   freertos.o
        92         10          0          0          0        791   gpio.o
       388         22          0         24       3072       3967   heap_4.o
       138          0          0          0          0       3146   list.o
       134          4          0          1          0     339739   main.o
       366         58          0          4          0       6492   port.o
        56         26        188          0       1536        600   startup_stm32f051x8.o
        60         16          0         12          0       6738   stm32f0xx_hal.o
      1116         46          0          0          0       5442   stm32f0xx_hal_adc.o
       184          0          0          0          0       1318   stm32f0xx_hal_adc_ex.o
       100         14          0          0          0       9412   stm32f0xx_hal_cortex.o
       432         24          0          0          0       2020   stm32f0xx_hal_gpio.o
        48          4          0          0          0        754   stm32f0xx_hal_msp.o
      1388         74         32          0          0       5010   stm32f0xx_hal_rcc.o
       672         38          0          0          0       6504   stm32f0xx_hal_tim.o
         4          0          0          0          0       1461   stm32f0xx_hal_tim_ex.o
       156         26          0          0         72       1363   stm32f0xx_hal_timebase_tim.o
        20          6          0          0          0       1192   stm32f0xx_it.o
         0          0          0          0          0       9148   stream_buffer.o
         2          0         24          4          0       1003   system_stm32f0xx.o
      1288         82          0         60        240      14386   tasks.o

    ----------------------------------------------------------------------
      7208        508        392        124       5580     443698   Object Totals
         0          0         32          0          0          0   (incl. Generated)
        14          0          0          3          0          0   (incl. Padding)

    ----------------------------------------------------------------------

      Code (inc. data)   RO Data    RW Data    ZI Data      Debug   Library Member Name

         8          0          0          0          0         68   __main.o
         0          0          0          0          0          0   __rtentry.o
        12          0          0          0          0          0   __rtentry2.o
         6          0          0          0          0          0   __rtentry4.o
        60          8          0          0          0          0   __scatter.o
        26          0          0          0          0          0   __scatter_copy.o
        28          0          0          0          0          0   __scatter_zi.o
       346          0          0          0          0         92   aeabi_sdiv.o
        16          0          0          0          0         68   exit.o
         6          0          0          0          0        136   heapauxi.o
         0          0          0          0          0          0   indicate_semi.o
         2          0          0          0          0          0   libinit.o
         2          0          0          0          0          0   libinit2.o
         2          0          0          0          0          0   libshutdown.o
         2          0          0          0          0          0   libshutdown2.o
         8          4          0          0         96         68   libspace.o
       258          0          0          0          0         88   lludiv.o
        64          0          0          0          0        108   rt_memclr.o
        56          0          0          0          0         68   rt_memcpy.o
         2          0          0          0          0          0   rtexit.o
        10          0          0          0          0          0   rtexit2.o
        12          4          0          0          0         60   sys_exit.o
        62          0          0          0          0         80   sys_stackheap_outer.o
         2          0          0          0          0         68   use_no_semi.o

    ----------------------------------------------------------------------
       996         16          0          0         96        904   Library Totals
         6          0          0          0          0          0   (incl. Padding)

    ----------------------------------------------------------------------

      Code (inc. data)   RO Data    RW Data    ZI Data      Debug   Library Name

       990         16          0          0         96        904   c_p.l

    ----------------------------------------------------------------------
       996         16          0          0         96        904   Library Totals

    ----------------------------------------------------------------------

==============================================================================


      Code (inc. data)   RO Data    RW Data    ZI Data      Debug   

      8204        524        392        124       5676     440702   Grand Totals
      8204        524        392        124       5676     440702   ELF Image Totals
      8204        524        392        124          0          0   ROM Totals

==============================================================================

    Total RO  Size (Code + RO Data)                 8596 (   8.39kB)
    Total RW  Size (RW Data + ZI Data)              5800 (   5.66kB)
    Total ROM Size (Code + RO Data + RW Data)       8720 (   8.52kB)

==============================================================================

